Jan 30 11:56:58 cu-cs-vm anacron[813]: Job `cron.daily' terminated
Jan 30 11:56:58 cu-cs-vm anacron[813]: Normal exit (1 job run)
Jan 30 11:57:09 cu-cs-vm org.gnome.keyring.SystemPrompter[1239]: Gtk-Message: GtkDialog mapped without a transient parent. This is discouraged.
Jan 30 11:57:09 cu-cs-vm org.gnome.keyring.SystemPrompter[1239]: Gtk-Message: GtkDialog mapped without a transient parent. This is discouraged.
Jan 30 11:57:10 cu-cs-vm org.gnome.keyring.SystemPrompter[1239]: Gtk-Message: GtkDialog mapped without a transient parent. This is discouraged.
Jan 30 11:57:30 cu-cs-vm whoopsie[1451]: [11:57:30] Parsing /var/crash/_opt_google_chrome_chrome.1000.crash.
Jan 30 11:57:30 cu-cs-vm whoopsie[1451]: [11:57:30] Uploading /var/crash/_opt_google_chrome_chrome.1000.crash.
Jan 30 11:57:31 cu-cs-vm whoopsie[1451]: [11:57:31] Sent; server replied with: No error
Jan 30 11:57:31 cu-cs-vm whoopsie[1451]: [11:57:31] Response code: 200
Jan 30 11:57:31 cu-cs-vm whoopsie[1451]: [11:57:31] Reported OOPS ID e5484ce2-24c0-11e9-9cb3-fa163e102db1
Jan 30 11:57:42 cu-cs-vm kernel: [  401.982004] hello world
Jan 30 11:57:42 cu-cs-vm kernel: [  401.982173] First value to add : 1
Jan 30 11:57:42 cu-cs-vm kernel: [  401.982177] Second value to add : 2
Jan 30 11:57:42 cu-cs-vm kernel: [  401.982185] Added together = 3
Jan 30 11:57:42 cu-cs-vm kernel: [  401.982194] testcall[2995]: segfault at 0 ip 00000000004005df sp 00007ffc346d17e0 error 4 in testcall[400000+1000]
Jan 30 11:58:58 cu-cs-vm kernel: [  477.884931] hello world
Jan 30 11:58:58 cu-cs-vm kernel: [  477.885091] First value to add : 1
Jan 30 11:58:58 cu-cs-vm kernel: [  477.885096] Second value to add : 2
Jan 30 11:58:58 cu-cs-vm kernel: [  477.885106] Added together = 3
Jan 30 12:01:29 cu-cs-vm uptimed: moving up to position 6: 0 days, 00:10:30
Jan 30 12:02:50 cu-cs-vm dhclient[982]: DHCPREQUEST of 172.16.141.128 on ens34 to 172.16.141.254 port 67 (xid=0x7b078ba3)
Jan 30 12:02:50 cu-cs-vm dhclient[982]: DHCPACK of 172.16.141.128 from 172.16.141.254
Jan 30 12:02:50 cu-cs-vm NetworkManager[841]: <info>  [1548874970.7460]   address 172.16.141.128
Jan 30 12:02:50 cu-cs-vm NetworkManager[841]: <info>  [1548874970.7461]   plen 24 (255.255.255.0)
Jan 30 12:02:50 cu-cs-vm NetworkManager[841]: <info>  [1548874970.7461]   gateway 172.16.141.2
Jan 30 12:02:50 cu-cs-vm NetworkManager[841]: <info>  [1548874970.7461]   server identifier 172.16.141.254
Jan 30 12:02:50 cu-cs-vm NetworkManager[841]: <info>  [1548874970.7462]   lease time 1800
Jan 30 12:02:50 cu-cs-vm NetworkManager[841]: <info>  [1548874970.7462]   nameserver '172.16.141.2'
Jan 30 12:02:50 cu-cs-vm dbus[806]: [system] Activating via systemd: service name='org.freedesktop.nm_dispatcher' unit='dbus-org.freedesktop.nm-dispatcher.service'
Jan 30 12:02:50 cu-cs-vm NetworkManager[841]: <info>  [1548874970.7462]   domain name 'localdomain'
Jan 30 12:02:50 cu-cs-vm NetworkManager[841]: <info>  [1548874970.7462]   wins '172.16.141.2'
Jan 30 12:02:50 cu-cs-vm NetworkManager[841]: <info>  [1548874970.7462] dhcp4 (ens34): state changed bound -> bound
Jan 30 12:02:50 cu-cs-vm systemd[1]: Starting Network Manager Script Dispatcher Service...
Jan 30 12:02:50 cu-cs-vm dhclient[982]: bound to 172.16.141.128 -- renewal in 712 seconds.
Jan 30 12:02:50 cu-cs-vm dbus[806]: [system] Successfully activated service 'org.freedesktop.nm_dispatcher'
Jan 30 12:02:50 cu-cs-vm systemd[1]: Started Network Manager Script Dispatcher Service.
Jan 30 12:02:50 cu-cs-vm nm-dispatcher: req:1 'dhcp4-change' [ens34]: new request (1 scripts)
Jan 30 12:02:50 cu-cs-vm nm-dispatcher: req:1 'dhcp4-change' [ens34]: start running ordered scripts...
Jan 30 12:03:37 cu-cs-vm kernel: [  757.342270] hello world
Jan 30 12:03:37 cu-cs-vm kernel: [  757.342432] First value to add : 1
Jan 30 12:03:37 cu-cs-vm kernel: [  757.342436] Second value to add : 2
Jan 30 12:03:37 cu-cs-vm kernel: [  757.342444] Added together = 3
Jan 30 12:04:30 cu-cs-vm kernel: [  809.712397] hello world
Jan 30 12:04:30 cu-cs-vm kernel: [  809.712557] First value to add : 1
Jan 30 12:04:30 cu-cs-vm kernel: [  809.712561] Second value to add : 2
Jan 30 12:04:30 cu-cs-vm kernel: [  809.712569] Added together = 3
Jan 30 12:04:59 cu-cs-vm kernel: [  838.490955] hello world
Jan 30 12:04:59 cu-cs-vm kernel: [  838.491146] First value to add : 1
Jan 30 12:04:59 cu-cs-vm kernel: [  838.491150] Second value to add : 2
Jan 30 12:04:59 cu-cs-vm kernel: [  838.491161] Added together = 3
Jan 30 12:04:59 cu-cs-vm kernel: [  838.491171] testcall[3073]: segfault at 0 ip 00000000004005df sp 00007ffc8e842240 error 4 in testcall[400000+1000]
Jan 30 12:06:22 cu-cs-vm systemd[1]: Starting Cleanup of Temporary Directories...
Jan 30 12:06:22 cu-cs-vm systemd-tmpfiles[3078]: [/usr/lib/tmpfiles.d/var.conf:14] Duplicate line for path "/var/log", ignoring.
Jan 30 12:06:22 cu-cs-vm systemd[1]: Started Cleanup of Temporary Directories.
Jan 30 12:09:36 cu-cs-vm NetworkManager[841]: <info>  [1548875376.4776] device (ens34): link disconnected (deferring action for 4 seconds)
Jan 30 12:09:36 cu-cs-vm kernel: [ 1115.790003] e1000: ens34 NIC Link is Down
Jan 30 12:09:40 cu-cs-vm kernel: [ 1119.824207] e1000: ens34 NIC Link is Up 1000 Mbps Full Duplex, Flow Control: None
Jan 30 12:09:40 cu-cs-vm NetworkManager[841]: <info>  [1548875380.5129] device (ens34): link connected
Jan 30 12:09:40 cu-cs-vm NetworkManager[841]: <info>  [1548875380.5131] device (ens34): DHCPv4 lease renewal requested
Jan 30 12:09:40 cu-cs-vm NetworkManager[841]: <info>  [1548875380.5483] dhcp4 (ens34): canceled DHCP transaction, DHCP client pid 982
Jan 30 12:09:40 cu-cs-vm NetworkManager[841]: <info>  [1548875380.5484] dhcp4 (ens34): state changed bound -> done
Jan 30 12:09:40 cu-cs-vm NetworkManager[841]: <info>  [1548875380.5492] dhcp4 (ens34): activation: beginning transaction (timeout in 45 seconds)
Jan 30 12:09:40 cu-cs-vm NetworkManager[841]: <info>  [1548875380.5516] dhcp4 (ens34): dhclient started with pid 3118
Jan 30 12:09:40 cu-cs-vm dhclient[3118]: DHCPREQUEST of 172.16.141.128 on ens34 to 255.255.255.255 port 67 (xid=0x1e2c0005)
Jan 30 12:09:40 cu-cs-vm dhclient[3118]: DHCPACK of 172.16.141.128 from 172.16.141.254
Jan 30 12:09:40 cu-cs-vm NetworkManager[841]: <info>  [1548875380.6079]   address 172.16.141.128
Jan 30 12:09:40 cu-cs-vm NetworkManager[841]: <info>  [1548875380.6080]   plen 24 (255.255.255.0)
Jan 30 12:09:40 cu-cs-vm NetworkManager[841]: <info>  [1548875380.6080]   gateway 172.16.141.2
Jan 30 12:09:40 cu-cs-vm NetworkManager[841]: <info>  [1548875380.6081]   server identifier 172.16.141.254
Jan 30 12:09:40 cu-cs-vm NetworkManager[841]: <info>  [1548875380.6081]   lease time 1800
Jan 30 12:09:40 cu-cs-vm NetworkManager[841]: <info>  [1548875380.6081]   nameserver '172.16.141.2'
Jan 30 12:09:40 cu-cs-vm NetworkManager[841]: <info>  [1548875380.6082]   domain name 'localdomain'
Jan 30 12:09:40 cu-cs-vm NetworkManager[841]: <info>  [1548875380.6082]   wins '172.16.141.2'
Jan 30 12:09:40 cu-cs-vm NetworkManager[841]: <info>  [1548875380.6082] dhcp4 (ens34): state changed unknown -> bound
Jan 30 12:09:40 cu-cs-vm dbus[806]: [system] Activating via systemd: service name='org.freedesktop.nm_dispatcher' unit='dbus-org.freedesktop.nm-dispatcher.service'
Jan 30 12:09:40 cu-cs-vm dhclient[3118]: bound to 172.16.141.128 -- renewal in 682 seconds.
Jan 30 12:09:40 cu-cs-vm systemd[1]: Starting Network Manager Script Dispatcher Service...
Jan 30 12:09:40 cu-cs-vm dbus[806]: [system] Successfully activated service 'org.freedesktop.nm_dispatcher'
Jan 30 12:09:40 cu-cs-vm systemd[1]: Started Network Manager Script Dispatcher Service.
Jan 30 12:09:40 cu-cs-vm nm-dispatcher: req:1 'dhcp4-change' [ens34]: new request (1 scripts)
Jan 30 12:09:40 cu-cs-vm nm-dispatcher: req:1 'dhcp4-change' [ens34]: start running ordered scripts...
Jan 30 12:10:34 cu-cs-vm kernel: [ 1173.481317] e1000: ens34 NIC Link is Down
Jan 30 12:10:34 cu-cs-vm NetworkManager[841]: <info>  [1548875434.1770] device (ens34): link disconnected (deferring action for 4 seconds)
Jan 30 12:10:38 cu-cs-vm kernel: [ 1177.513936] e1000: ens34 NIC Link is Up 1000 Mbps Full Duplex, Flow Control: None
Jan 30 12:10:38 cu-cs-vm NetworkManager[841]: <info>  [1548875438.2103] device (ens34): link connected
Jan 30 12:10:38 cu-cs-vm NetworkManager[841]: <info>  [1548875438.2106] device (ens34): DHCPv4 lease renewal requested
Jan 30 12:10:38 cu-cs-vm NetworkManager[841]: <info>  [1548875438.2446] dhcp4 (ens34): canceled DHCP transaction, DHCP client pid 3118
Jan 30 12:10:38 cu-cs-vm NetworkManager[841]: <info>  [1548875438.2447] dhcp4 (ens34): state changed bound -> done
Jan 30 12:10:38 cu-cs-vm NetworkManager[841]: <info>  [1548875438.2457] dhcp4 (ens34): activation: beginning transaction (timeout in 45 seconds)
Jan 30 12:10:38 cu-cs-vm NetworkManager[841]: <info>  [1548875438.2524] dhcp4 (ens34): dhclient started with pid 3137
Jan 30 12:10:38 cu-cs-vm dhclient[3137]: DHCPREQUEST of 172.16.141.128 on ens34 to 255.255.255.255 port 67 (xid=0x6a30d2c4)
Jan 30 12:10:38 cu-cs-vm dhclient[3137]: DHCPACK of 172.16.141.128 from 172.16.141.254
Jan 30 12:10:38 cu-cs-vm NetworkManager[841]: <info>  [1548875438.2976]   address 172.16.141.128
Jan 30 12:10:38 cu-cs-vm NetworkManager[841]: <info>  [1548875438.2977]   plen 24 (255.255.255.0)
Jan 30 12:10:38 cu-cs-vm NetworkManager[841]: <info>  [1548875438.2977]   gateway 172.16.141.2
Jan 30 12:10:38 cu-cs-vm NetworkManager[841]: <info>  [1548875438.2977]   server identifier 172.16.141.254
Jan 30 12:10:38 cu-cs-vm NetworkManager[841]: <info>  [1548875438.2977]   lease time 1800
Jan 30 12:10:38 cu-cs-vm NetworkManager[841]: <info>  [1548875438.2977]   nameserver '172.16.141.2'
Jan 30 12:10:38 cu-cs-vm NetworkManager[841]: <info>  [1548875438.2977]   domain name 'localdomain'
Jan 30 12:10:38 cu-cs-vm NetworkManager[841]: <info>  [1548875438.2978]   wins '172.16.141.2'
Jan 30 12:10:38 cu-cs-vm NetworkManager[841]: <info>  [1548875438.2978] dhcp4 (ens34): state changed unknown -> bound
Jan 30 12:10:38 cu-cs-vm dbus[806]: [system] Activating via systemd: service name='org.freedesktop.nm_dispatcher' unit='dbus-org.freedesktop.nm-dispatcher.service'
Jan 30 12:10:38 cu-cs-vm systemd[1]: Starting Network Manager Script Dispatcher Service...
Jan 30 12:10:38 cu-cs-vm dbus[806]: [system] Successfully activated service 'org.freedesktop.nm_dispatcher'
Jan 30 12:10:38 cu-cs-vm systemd[1]: Started Network Manager Script Dispatcher Service.
Jan 30 12:10:38 cu-cs-vm nm-dispatcher: req:1 'dhcp4-change' [ens34]: new request (1 scripts)
Jan 30 12:10:38 cu-cs-vm nm-dispatcher: req:1 'dhcp4-change' [ens34]: start running ordered scripts...
Jan 30 12:10:38 cu-cs-vm dhclient[3137]: bound to 172.16.141.128 -- renewal in 868 seconds.
Jan 30 15:10:40 cu-cs-vm systemd[1165]: Time has been changed
Jan 30 15:10:40 cu-cs-vm systemd[1]: Time has been changed
Jan 30 15:10:41 cu-cs-vm NetworkManager[841]: <info>  [1548886241.9129] dhcp4 (ens34): state changed bound -> expire
Jan 30 15:10:41 cu-cs-vm NetworkManager[841]: <info>  [1548886241.9323] dhcp4 (ens34): canceled DHCP transaction, DHCP client pid 3137
Jan 30 15:10:41 cu-cs-vm NetworkManager[841]: <info>  [1548886241.9324] dhcp4 (ens34): state changed expire -> done
Jan 30 15:10:41 cu-cs-vm NetworkManager[841]: <info>  [1548886241.9342] device (ens34): state change: activated -> failed (reason 'ip-config-expired') [100 120 6]
Jan 30 15:10:41 cu-cs-vm NetworkManager[841]: <info>  [1548886241.9347] manager: NetworkManager state is now CONNECTED_LOCAL
Jan 30 15:10:41 cu-cs-vm NetworkManager[841]: <info>  [1548886241.9349] manager: NetworkManager state is now DISCONNECTED
Jan 30 15:10:41 cu-cs-vm NetworkManager[841]: <warn>  [1548886241.9429] device (ens34): Activation: failed for connection 'Wired connection 1'
Jan 30 15:10:41 cu-cs-vm nm-dispatcher: req:2 'down' [ens34]: new request (1 scripts)
Jan 30 15:10:41 cu-cs-vm whoopsie[1451]: [15:10:41] offline
Jan 30 15:10:41 cu-cs-vm nm-dispatcher: req:2 'down' [ens34]: start running ordered scripts...
Jan 30 15:10:41 cu-cs-vm NetworkManager[841]: <info>  [1548886241.9500] device (ens34): state change: failed -> disconnected (reason 'none') [120 30 0]
Jan 30 15:10:41 cu-cs-vm avahi-daemon[824]: Withdrawing address record for fe80::eb5d:30b6:793f:e3cb on ens34.
Jan 30 15:10:41 cu-cs-vm avahi-daemon[824]: Leaving mDNS multicast group on interface ens34.IPv6 with address fe80::eb5d:30b6:793f:e3cb.
Jan 30 15:10:41 cu-cs-vm avahi-daemon[824]: Interface ens34.IPv6 no longer relevant for mDNS.
Jan 30 15:10:41 cu-cs-vm avahi-daemon[824]: Withdrawing address record for 172.16.141.128 on ens34.
Jan 30 15:10:41 cu-cs-vm avahi-daemon[824]: Leaving mDNS multicast group on interface ens34.IPv4 with address 172.16.141.128.
Jan 30 15:10:41 cu-cs-vm avahi-daemon[824]: Interface ens34.IPv4 no longer relevant for mDNS.
Jan 30 15:10:41 cu-cs-vm NetworkManager[841]: <info>  [1548886241.9831] dns-mgr: Writing DNS information to /sbin/resolvconf
Jan 30 15:10:41 cu-cs-vm dnsmasq[995]: setting upstream servers from DBus
Jan 30 15:10:42 cu-cs-vm NetworkManager[841]: <info>  [1548886242.0473] policy: auto-activating connection 'Wired connection 1'
Jan 30 15:10:42 cu-cs-vm NetworkManager[841]: <info>  [1548886242.0486] device (ens34): Activation: starting connection 'Wired connection 1' (7432593a-a2e9-3b85-9327-2dc0085465f7)
Jan 30 15:10:42 cu-cs-vm NetworkManager[841]: <info>  [1548886242.0487] device (ens34): state change: disconnected -> prepare (reason 'none') [30 40 0]
Jan 30 15:10:42 cu-cs-vm NetworkManager[841]: <info>  [1548886242.0488] manager: NetworkManager state is now CONNECTING
Jan 30 15:10:42 cu-cs-vm NetworkManager[841]: <info>  [1548886242.0492] device (ens34): state change: prepare -> config (reason 'none') [40 50 0]
Jan 30 15:10:42 cu-cs-vm NetworkManager[841]: <info>  [1548886242.0547] device (ens34): state change: config -> ip-config (reason 'none') [50 70 0]
Jan 30 15:10:42 cu-cs-vm NetworkManager[841]: <info>  [1548886242.0551] dhcp4 (ens34): activation: beginning transaction (timeout in 45 seconds)
Jan 30 15:10:42 cu-cs-vm NetworkManager[841]: <info>  [1548886242.0656] dhcp4 (ens34): dhclient started with pid 3202
Jan 30 15:10:42 cu-cs-vm dhclient[3202]: DHCPDISCOVER on ens34 to 255.255.255.255 port 67 interval 3 (xid=0xd793307)
Jan 30 15:10:42 cu-cs-vm dhclient[3202]: DHCPREQUEST of 172.16.141.128 on ens34 to 255.255.255.255 port 67 (xid=0x733790d)
Jan 30 15:10:42 cu-cs-vm dhclient[3202]: DHCPOFFER of 172.16.141.128 from 172.16.141.254
Jan 30 15:10:42 cu-cs-vm dhclient[3202]: DHCPACK of 172.16.141.128 from 172.16.141.254
Jan 30 15:10:42 cu-cs-vm NetworkManager[841]: <info>  [1548886242.1059]   address 172.16.141.128
Jan 30 15:10:42 cu-cs-vm NetworkManager[841]: <info>  [1548886242.1060]   plen 24 (255.255.255.0)
Jan 30 15:10:42 cu-cs-vm NetworkManager[841]: <info>  [1548886242.1060]   gateway 172.16.141.2
Jan 30 15:10:42 cu-cs-vm NetworkManager[841]: <info>  [1548886242.1060]   server identifier 172.16.141.254
Jan 30 15:10:42 cu-cs-vm NetworkManager[841]: <info>  [1548886242.1060]   lease time 1800
Jan 30 15:10:42 cu-cs-vm avahi-daemon[824]: Joining mDNS multicast group on interface ens34.IPv4 with address 172.16.141.128.
Jan 30 15:10:42 cu-cs-vm NetworkManager[841]: <info>  [1548886242.1061]   nameserver '172.16.141.2'
Jan 30 15:10:42 cu-cs-vm NetworkManager[841]: <info>  [1548886242.1061]   domain name 'localdomain'
Jan 30 15:10:42 cu-cs-vm NetworkManager[841]: <info>  [1548886242.1061]   wins '172.16.141.2'
Jan 30 15:10:42 cu-cs-vm NetworkManager[841]: <info>  [1548886242.1061] dhcp4 (ens34): state changed unknown -> bound
Jan 30 15:10:42 cu-cs-vm avahi-daemon[824]: New relevant interface ens34.IPv4 for mDNS.
Jan 30 15:10:42 cu-cs-vm avahi-daemon[824]: Registering new address record for 172.16.141.128 on ens34.IPv4.
Jan 30 15:10:42 cu-cs-vm NetworkManager[841]: <info>  [1548886242.1129] device (ens34): state change: ip-config -> ip-check (reason 'none') [70 80 0]
Jan 30 15:10:42 cu-cs-vm NetworkManager[841]: <info>  [1548886242.1136] device (ens34): state change: ip-check -> secondaries (reason 'none') [80 90 0]
Jan 30 15:10:42 cu-cs-vm NetworkManager[841]: <info>  [1548886242.1139] device (ens34): state change: secondaries -> activated (reason 'none') [90 100 0]
Jan 30 15:10:42 cu-cs-vm NetworkManager[841]: <info>  [1548886242.1141] manager: NetworkManager state is now CONNECTED_LOCAL
Jan 30 15:10:42 cu-cs-vm NetworkManager[841]: <info>  [1548886242.1162] manager: NetworkManager state is now CONNECTED_GLOBAL
Jan 30 15:10:42 cu-cs-vm NetworkManager[841]: <info>  [1548886242.1163] policy: set 'Wired connection 1' (ens34) as default for IPv4 routing and DNS
Jan 30 15:10:42 cu-cs-vm NetworkManager[841]: <info>  [1548886242.1182] dns-mgr: Writing DNS information to /sbin/resolvconf
Jan 30 15:10:42 cu-cs-vm dnsmasq[995]: setting upstream servers from DBus
Jan 30 15:10:42 cu-cs-vm dnsmasq[995]: using nameserver 172.16.141.2#53(via ens34)
Jan 30 15:10:42 cu-cs-vm dhclient[3202]: bound to 172.16.141.128 -- renewal in 748 seconds.
Jan 30 15:10:42 cu-cs-vm NetworkManager[841]: <info>  [1548886242.2054] device (ens34): Activation: successful, device activated.
Jan 30 15:10:42 cu-cs-vm nm-dispatcher: req:3 'up' [ens34]: new request (1 scripts)
Jan 30 15:10:42 cu-cs-vm nm-dispatcher: req:3 'up' [ens34]: start running ordered scripts...
Jan 30 15:10:42 cu-cs-vm systemd[1]: Reloading OpenBSD Secure Shell server.
Jan 30 15:10:42 cu-cs-vm systemd[1]: Reloaded OpenBSD Secure Shell server.
Jan 30 15:10:42 cu-cs-vm systemd[1]: Reloading OpenBSD Secure Shell server.
Jan 30 15:10:42 cu-cs-vm systemd[1]: Reloaded OpenBSD Secure Shell server.
Jan 30 15:10:43 cu-cs-vm avahi-daemon[824]: Joining mDNS multicast group on interface ens34.IPv6 with address fe80::eb5d:30b6:793f:e3cb.
Jan 30 15:10:43 cu-cs-vm avahi-daemon[824]: New relevant interface ens34.IPv6 for mDNS.
Jan 30 15:10:43 cu-cs-vm avahi-daemon[824]: Registering new address record for fe80::eb5d:30b6:793f:e3cb on ens34.*.
Jan 30 15:10:48 cu-cs-vm kernel: [ 1187.719860] e1000: ens34 NIC Link is Down
Jan 30 15:10:48 cu-cs-vm NetworkManager[841]: <info>  [1548886248.3618] device (ens34): link disconnected (deferring action for 4 seconds)
Jan 30 15:10:52 cu-cs-vm NetworkManager[841]: <info>  [1548886252.1751] device (ens34): link disconnected (calling deferred action)
Jan 30 15:10:52 cu-cs-vm NetworkManager[841]: <info>  [1548886252.1755] device (ens34): state change: activated -> unavailable (reason 'carrier-changed') [100 20 40]
Jan 30 15:10:52 cu-cs-vm NetworkManager[841]: <info>  [1548886252.2092] dhcp4 (ens34): canceled DHCP transaction, DHCP client pid 3202
Jan 30 15:10:52 cu-cs-vm NetworkManager[841]: <info>  [1548886252.2093] dhcp4 (ens34): state changed bound -> done
Jan 30 15:10:52 cu-cs-vm avahi-daemon[824]: Withdrawing address record for 172.16.141.128 on ens34.
Jan 30 15:10:52 cu-cs-vm avahi-daemon[824]: Leaving mDNS multicast group on interface ens34.IPv4 with address 172.16.141.128.
Jan 30 15:10:52 cu-cs-vm avahi-daemon[824]: Interface ens34.IPv4 no longer relevant for mDNS.
Jan 30 15:10:52 cu-cs-vm avahi-daemon[824]: Withdrawing address record for fe80::eb5d:30b6:793f:e3cb on ens34.
Jan 30 15:10:52 cu-cs-vm avahi-daemon[824]: Leaving mDNS multicast group on interface ens34.IPv6 with address fe80::eb5d:30b6:793f:e3cb.
Jan 30 15:10:52 cu-cs-vm NetworkManager[841]: <info>  [1548886252.2178] dns-mgr: Writing DNS information to /sbin/resolvconf
Jan 30 15:10:52 cu-cs-vm dnsmasq[995]: setting upstream servers from DBus
Jan 30 15:10:52 cu-cs-vm avahi-daemon[824]: Interface ens34.IPv6 no longer relevant for mDNS.
Jan 30 15:10:52 cu-cs-vm NetworkManager[841]: <info>  [1548886252.2548] manager: NetworkManager state is now CONNECTED_LOCAL
Jan 30 15:10:52 cu-cs-vm NetworkManager[841]: <info>  [1548886252.2552] manager: NetworkManager state is now DISCONNECTED
Jan 30 15:10:52 cu-cs-vm nm-dispatcher: req:4 'down' [ens34]: new request (1 scripts)
Jan 30 15:10:52 cu-cs-vm nm-dispatcher: req:4 'down' [ens34]: start running ordered scripts...
Jan 30 15:10:52 cu-cs-vm kernel: [ 1191.750947] e1000: ens34 NIC Link is Up 1000 Mbps Full Duplex, Flow Control: None
Jan 30 15:10:52 cu-cs-vm NetworkManager[841]: <info>  [1548886252.3957] device (ens34): link connected
Jan 30 15:10:52 cu-cs-vm NetworkManager[841]: <info>  [1548886252.3964] device (ens34): state change: unavailable -> disconnected (reason 'carrier-changed') [20 30 40]
Jan 30 15:10:52 cu-cs-vm NetworkManager[841]: <info>  [1548886252.4119] policy: auto-activating connection 'Wired connection 1'
Jan 30 15:10:52 cu-cs-vm NetworkManager[841]: <info>  [1548886252.4132] device (ens34): Activation: starting connection 'Wired connection 1' (7432593a-a2e9-3b85-9327-2dc0085465f7)
Jan 30 15:10:52 cu-cs-vm NetworkManager[841]: <info>  [1548886252.4137] device (ens34): state change: disconnected -> prepare (reason 'none') [30 40 0]
Jan 30 15:10:52 cu-cs-vm NetworkManager[841]: <info>  [1548886252.4138] manager: NetworkManager state is now CONNECTING
Jan 30 15:10:52 cu-cs-vm NetworkManager[841]: <info>  [1548886252.4143] device (ens34): state change: prepare -> config (reason 'none') [40 50 0]
Jan 30 15:10:52 cu-cs-vm NetworkManager[841]: <info>  [1548886252.4188] device (ens34): state change: config -> ip-config (reason 'none') [50 70 0]
Jan 30 15:10:52 cu-cs-vm NetworkManager[841]: <info>  [1548886252.4192] dhcp4 (ens34): activation: beginning transaction (timeout in 45 seconds)
Jan 30 15:10:52 cu-cs-vm NetworkManager[841]: <info>  [1548886252.4215] dhcp4 (ens34): dhclient started with pid 3418
Jan 30 15:10:52 cu-cs-vm dhclient[3418]: DHCPREQUEST of 172.16.141.128 on ens34 to 255.255.255.255 port 67 (xid=0x46bdcb52)
Jan 30 15:10:52 cu-cs-vm dhclient[3418]: DHCPACK of 172.16.141.128 from 172.16.141.254
Jan 30 15:10:52 cu-cs-vm NetworkManager[841]: <info>  [1548886252.4744]   address 172.16.141.128
Jan 30 15:10:52 cu-cs-vm NetworkManager[841]: <info>  [1548886252.4744]   plen 24 (255.255.255.0)
Jan 30 15:10:52 cu-cs-vm NetworkManager[841]: <info>  [1548886252.4744]   gateway 172.16.141.2
Jan 30 15:10:52 cu-cs-vm NetworkManager[841]: <info>  [1548886252.4745]   server identifier 172.16.141.254
Jan 30 15:10:52 cu-cs-vm NetworkManager[841]: <info>  [1548886252.4745]   lease time 1800
Jan 30 15:10:52 cu-cs-vm NetworkManager[841]: <info>  [1548886252.4745]   nameserver '172.16.141.2'
Jan 30 15:10:52 cu-cs-vm NetworkManager[841]: <info>  [1548886252.4745]   domain name 'localdomain'
Jan 30 15:10:52 cu-cs-vm avahi-daemon[824]: Joining mDNS multicast group on interface ens34.IPv4 with address 172.16.141.128.
Jan 30 15:10:52 cu-cs-vm NetworkManager[841]: <info>  [1548886252.4745]   wins '172.16.141.2'
Jan 30 15:10:52 cu-cs-vm NetworkManager[841]: <info>  [1548886252.4746] dhcp4 (ens34): state changed unknown -> bound
Jan 30 15:10:52 cu-cs-vm avahi-daemon[824]: New relevant interface ens34.IPv4 for mDNS.
Jan 30 15:10:52 cu-cs-vm avahi-daemon[824]: Registering new address record for 172.16.141.128 on ens34.IPv4.
Jan 30 15:10:52 cu-cs-vm NetworkManager[841]: <info>  [1548886252.4828] device (ens34): state change: ip-config -> ip-check (reason 'none') [70 80 0]
Jan 30 15:10:52 cu-cs-vm NetworkManager[841]: <info>  [1548886252.4836] device (ens34): state change: ip-check -> secondaries (reason 'none') [80 90 0]
Jan 30 15:10:52 cu-cs-vm NetworkManager[841]: <info>  [1548886252.4840] device (ens34): state change: secondaries -> activated (reason 'none') [90 100 0]
Jan 30 15:10:52 cu-cs-vm NetworkManager[841]: <info>  [1548886252.4841] manager: NetworkManager state is now CONNECTED_LOCAL
Jan 30 15:10:52 cu-cs-vm dhclient[3418]: bound to 172.16.141.128 -- renewal in 760 seconds.
Jan 30 15:10:52 cu-cs-vm NetworkManager[841]: <info>  [1548886252.4898] manager: NetworkManager state is now CONNECTED_GLOBAL
Jan 30 15:10:52 cu-cs-vm NetworkManager[841]: <info>  [1548886252.4900] policy: set 'Wired connection 1' (ens34) as default for IPv4 routing and DNS
Jan 30 15:10:52 cu-cs-vm NetworkManager[841]: <info>  [1548886252.4903] dns-mgr: Writing DNS information to /sbin/resolvconf
Jan 30 15:10:52 cu-cs-vm dnsmasq[995]: setting upstream servers from DBus
Jan 30 15:10:52 cu-cs-vm dnsmasq[995]: using nameserver 172.16.141.2#53(via ens34)
Jan 30 15:10:52 cu-cs-vm NetworkManager[841]: <info>  [1548886252.5596] device (ens34): Activation: successful, device activated.
Jan 30 15:10:52 cu-cs-vm nm-dispatcher: req:5 'up' [ens34]: new request (1 scripts)
Jan 30 15:10:52 cu-cs-vm nm-dispatcher: req:5 'up' [ens34]: start running ordered scripts...
Jan 30 15:10:52 cu-cs-vm systemd[1]: Reloading OpenBSD Secure Shell server.
Jan 30 15:10:52 cu-cs-vm systemd[1]: Reloaded OpenBSD Secure Shell server.
Jan 30 15:10:52 cu-cs-vm systemd[1]: Reloading OpenBSD Secure Shell server.
Jan 30 15:10:52 cu-cs-vm systemd[1]: Reloaded OpenBSD Secure Shell server.
Jan 30 15:10:54 cu-cs-vm avahi-daemon[824]: Joining mDNS multicast group on interface ens34.IPv6 with address fe80::eb5d:30b6:793f:e3cb.
Jan 30 15:10:54 cu-cs-vm avahi-daemon[824]: New relevant interface ens34.IPv6 for mDNS.
Jan 30 15:10:54 cu-cs-vm avahi-daemon[824]: Registering new address record for fe80::eb5d:30b6:793f:e3cb on ens34.*.
Jan 30 15:10:57 cu-cs-vm whoopsie[1451]: [15:10:57] The default IPv4 route is: /org/freedesktop/NetworkManager/ActiveConnection/2
Jan 30 15:10:57 cu-cs-vm whoopsie[1451]: [15:10:57] Not a paid data plan: /org/freedesktop/NetworkManager/ActiveConnection/2
Jan 30 15:10:57 cu-cs-vm whoopsie[1451]: [15:10:57] Found usable connection: /org/freedesktop/NetworkManager/ActiveConnection/2
Jan 30 15:10:57 cu-cs-vm whoopsie[1451]: [15:10:57] online
Jan 30 15:10:57 cu-cs-vm whoopsie[1451]: [15:10:57] offline
Jan 30 15:10:57 cu-cs-vm whoopsie[1451]: [15:10:57] The default IPv4 route is: /org/freedesktop/NetworkManager/ActiveConnection/2
Jan 30 15:10:57 cu-cs-vm whoopsie[1451]: [15:10:57] Not a paid data plan: /org/freedesktop/NetworkManager/ActiveConnection/2
Jan 30 15:10:57 cu-cs-vm whoopsie[1451]: [15:10:57] Found usable connection: /org/freedesktop/NetworkManager/ActiveConnection/2
Jan 30 15:10:57 cu-cs-vm whoopsie[1451]: [15:10:57] online
Jan 30 15:22:50 cu-cs-vm systemd[1]: Time has been changed
Jan 30 15:22:50 cu-cs-vm systemd[1165]: Time has been changed
Jan 30 15:27:57 cu-cs-vm kernel: [ 1519.292208] hello world
Jan 30 15:27:57 cu-cs-vm kernel: [ 1519.292497] First value to add : 1
Jan 30 15:27:57 cu-cs-vm kernel: [ 1519.292503] Second value to add : 2
Jan 30 15:27:57 cu-cs-vm kernel: [ 1519.292506] Added together = 3
Jan 30 15:32:54 cu-cs-vm kernel: [ 1816.863207] hello world
Jan 30 15:32:54 cu-cs-vm kernel: [ 1816.863390] First value to add : 1
Jan 30 15:32:54 cu-cs-vm kernel: [ 1816.863395] Second value to add : 2
Jan 30 15:32:54 cu-cs-vm kernel: [ 1816.863398] Added together = 3
Jan 30 15:33:18 cu-cs-vm kernel: [ 1840.879366] hello world
Jan 30 15:33:18 cu-cs-vm kernel: [ 1840.879524] First value to add : 1
Jan 30 15:33:18 cu-cs-vm kernel: [ 1840.879528] Second value to add : 11
Jan 30 15:33:18 cu-cs-vm kernel: [ 1840.879530] Added together = 12
Jan 30 15:35:10 cu-cs-vm dhclient[3418]: DHCPREQUEST of 172.16.141.128 on ens34 to 172.16.141.254 port 67 (xid=0x46bdcb52)
Jan 30 15:35:10 cu-cs-vm dhclient[3418]: DHCPACK of 172.16.141.128 from 172.16.141.254
Jan 30 15:35:10 cu-cs-vm NetworkManager[841]: <info>  [1548887710.0329]   address 172.16.141.128
Jan 30 15:35:10 cu-cs-vm NetworkManager[841]: <info>  [1548887710.0330]   plen 24 (255.255.255.0)
Jan 30 15:35:10 cu-cs-vm NetworkManager[841]: <info>  [1548887710.0332]   gateway 172.16.141.2
Jan 30 15:35:10 cu-cs-vm NetworkManager[841]: <info>  [1548887710.0332]   server identifier 172.16.141.254
Jan 30 15:35:10 cu-cs-vm NetworkManager[841]: <info>  [1548887710.0332]   lease time 1800
Jan 30 15:35:10 cu-cs-vm NetworkManager[841]: <info>  [1548887710.0333]   nameserver '172.16.141.2'
Jan 30 15:35:10 cu-cs-vm NetworkManager[841]: <info>  [1548887710.0333]   domain name 'localdomain'
Jan 30 15:35:10 cu-cs-vm NetworkManager[841]: <info>  [1548887710.0333]   wins '172.16.141.2'
Jan 30 15:35:10 cu-cs-vm NetworkManager[841]: <info>  [1548887710.0333] dhcp4 (ens34): state changed bound -> bound
Jan 30 15:35:10 cu-cs-vm dbus[806]: [system] Activating via systemd: service name='org.freedesktop.nm_dispatcher' unit='dbus-org.freedesktop.nm-dispatcher.service'
Jan 30 15:35:10 cu-cs-vm systemd[1]: Starting Network Manager Script Dispatcher Service...
Jan 30 15:35:10 cu-cs-vm dhclient[3418]: bound to 172.16.141.128 -- renewal in 860 seconds.
Jan 30 15:35:10 cu-cs-vm dbus[806]: [system] Successfully activated service 'org.freedesktop.nm_dispatcher'
Jan 30 15:35:10 cu-cs-vm systemd[1]: Started Network Manager Script Dispatcher Service.
Jan 30 15:35:10 cu-cs-vm nm-dispatcher: req:1 'dhcp4-change' [ens34]: new request (1 scripts)
Jan 30 15:35:10 cu-cs-vm nm-dispatcher: req:1 'dhcp4-change' [ens34]: start running ordered scripts...
Jan 30 15:36:17 cu-cs-vm systemd[1]: Stopping Service for virtual machines hosted on VMware...
Jan 30 15:36:17 cu-cs-vm systemd[1]: Stopped target Timers.
Jan 30 15:36:17 cu-cs-vm systemd[1]: Closed Load/Save RF Kill Switch Status /dev/rfkill Watch.
Jan 30 15:36:17 cu-cs-vm systemd[1]: Stopped target Sound Card.
Jan 30 15:36:17 cu-cs-vm VGAuthService[818]: ** Message: Processing SIGTERM; service exiting
Jan 30 15:36:17 cu-cs-vm VGAuthService[818]: ** Message: ServiceEndMainLoop: about to stop main loop
Jan 30 15:36:17 cu-cs-vm systemd[1]: Stopping Authentication service for virtual machines hosted on VMware...
Jan 30 15:36:17 cu-cs-vm systemd[1]: Stopping User Manager for UID 1000...
Jan 30 15:36:17 cu-cs-vm systemd[1]: Stopping Daemon for generating UUIDs...
Jan 30 15:36:17 cu-cs-vm systemd[1]: Stopping ACPI event daemon...
Jan 30 15:36:17 cu-cs-vm VGAuthService[818]: ** Message: END SERVICE
Jan 30 15:36:17 cu-cs-vm systemd[1165]: Stopped target Default.
Jan 30 15:36:17 cu-cs-vm systemd[1165]: Stopped target Basic System.
Jan 30 15:36:17 cu-cs-vm systemd[1165]: Stopped target Sockets.
Jan 30 15:36:17 cu-cs-vm systemd[1165]: Reached target Shutdown.
Jan 30 15:36:17 cu-cs-vm systemd[1165]: Starting Exit the Session...
Jan 30 15:36:17 cu-cs-vm systemd[1165]: Stopped target Paths.
Jan 30 15:36:17 cu-cs-vm systemd[1165]: Stopped target Timers.
Jan 30 15:36:17 cu-cs-vm systemd[1165]: Received SIGRTMIN+24 from PID 3653 (kill).
Jan 30 15:36:17 cu-cs-vm obexd[1790]: Terminating
Jan 30 15:36:17 cu-cs-vm systemd[1]: Stopping Session c1 of user user.
Jan 30 15:36:17 cu-cs-vm pulseaudio[1395]: [pulseaudio] module-x11-publish.c: PulseAudio information vanished from X11!
Jan 30 15:36:17 cu-cs-vm systemd[1]: Stopping RealtimeKit Scheduling Policy Service...
Jan 30 15:36:17 cu-cs-vm systemd[1]: Stopping Authenticate and Authorize Users to Run Privileged Tasks...
Jan 30 15:36:17 cu-cs-vm systemd[1]: Stopping Daemon for power management...
Jan 30 15:36:17 cu-cs-vm systemd[1]: Stopped Daily Cleanup of Temporary Directories.
Jan 30 15:36:17 cu-cs-vm systemd[1]: Stopping Disk Manager...
Jan 30 15:36:17 cu-cs-vm systemd[1]: Stopped target Graphical Interface.
Jan 30 15:36:17 cu-cs-vm systemd[1]: Stopping Accounts Service...
Jan 30 15:36:17 cu-cs-vm systemd[1]: Stopping Light Display Manager...
Jan 30 15:36:17 cu-cs-vm systemd[1]: Stopped Daily apt upgrade and clean activities.
Jan 30 15:36:17 cu-cs-vm systemd[1]: Stopped Daily apt download activities.
Jan 30 15:36:17 cu-cs-vm systemd[1]: Stopped target System Time Synchronized.
Jan 30 15:36:17 cu-cs-vm systemd[1]: Stopped target Multi-User System.
Jan 30 15:36:17 cu-cs-vm systemd[1]: Stopping Unattended Upgrades Shutdown...
Jan 30 15:36:17 cu-cs-vm systemd[1]: Stopping LSB: Load kernel image with kexec...
Jan 30 15:36:17 cu-cs-vm systemd[1]: Stopped Initialize hardware monitoring sensors.
Jan 30 15:36:17 cu-cs-vm systemd[1]: Stopping OpenBSD Secure Shell server...
Jan 30 15:36:17 cu-cs-vm systemd[1]: Stopping LSB: disk temperature monitoring daemon...
Jan 30 15:36:17 cu-cs-vm NetworkManager[841]: <warn>  [1548887777.2860] error requesting auth for org.freedesktop.NetworkManager.wifi.share.open: Authorization check failed: Message recipient disconnected from message bus without replying
Jan 30 15:36:17 cu-cs-vm dbus[806]: [system] Activating via systemd: service name='org.freedesktop.PolicyKit1' unit='polkitd.service'
Jan 30 15:36:17 cu-cs-vm NetworkManager[841]: <warn>  [1548887777.2861] error requesting auth for org.freedesktop.NetworkManager.wifi.share.protected: Authorization check failed: Message recipient disconnected from message bus without replying
Jan 30 15:36:17 cu-cs-vm systemd[1]: Stopping uptime record daemon...
Jan 30 15:36:17 cu-cs-vm systemd[1]: Stopping Make remote CUPS printers available locally...
Jan 30 15:36:17 cu-cs-vm systemd[1]: Stopping Thermal Daemon Service...
Jan 30 15:36:17 cu-cs-vm thermald[842]: Terminating ...
Jan 30 15:36:17 cu-cs-vm systemd[1]: Stopping LSB: Speech Dispatcher...
Jan 30 15:36:17 cu-cs-vm systemd[1]: Stopping crash report submission daemon...
Jan 30 15:36:17 cu-cs-vm rsyslogd: [origin software="rsyslogd" swVersion="8.16.0" x-pid="809" x-info="http://www.rsyslog.com"] exiting on signal 15.
Jan 30 15:37:04 cu-cs-vm rsyslogd: [origin software="rsyslogd" swVersion="8.16.0" x-pid="758" x-info="http://www.rsyslog.com"] start
Jan 30 15:37:04 cu-cs-vm rsyslogd-2222: command 'KLogPermitNonKernelFacility' is currently not permitted - did you already set it via a RainerScript command (v6+ config)? [v8.16.0 try http://www.rsyslog.com/e/2222 ]
Jan 30 15:37:04 cu-cs-vm rsyslogd: rsyslogd's groupid changed to 108
Jan 30 15:37:04 cu-cs-vm rsyslogd: rsyslogd's userid changed to 104
Jan 30 15:37:04 cu-cs-vm systemd-modules-load[330]: Inserted module 'lp'
Jan 30 15:37:04 cu-cs-vm systemd-modules-load[330]: Inserted module 'ppdev'
Jan 30 15:37:04 cu-cs-vm systemd[1]: Started Set console keymap.
Jan 30 15:37:04 cu-cs-vm systemd-modules-load[330]: Inserted module 'parport_pc'
Jan 30 15:37:04 cu-cs-vm loadkeys[327]: Loading /etc/console-setup/cached.kmap.gz
Jan 30 15:37:04 cu-cs-vm systemd-modules-load[330]: Module 'fuse' is builtin
Jan 30 15:37:04 cu-cs-vm systemd[1]: Started Load Kernel Modules.
Jan 30 15:37:04 cu-cs-vm systemd[1]: Mounting Configuration File System...
Jan 30 15:37:04 cu-cs-vm systemd[1]: Mounting FUSE Control File System...
Jan 30 15:37:04 cu-cs-vm systemd[1]: Starting Apply Kernel Variables...
Jan 30 15:37:04 cu-cs-vm systemd[1]: Mounted Configuration File System.
Jan 30 15:37:04 cu-cs-vm systemd[1]: Mounted FUSE Control File System.
Jan 30 15:37:04 cu-cs-vm systemd[1]: Mounting VMware vmblock fuse mount...
Jan 30 15:37:04 cu-cs-vm systemd[1]: Started Create Static Device Nodes in /dev.
Jan 30 15:37:04 cu-cs-vm systemd[1]: Starting udev Kernel Device Manager...
Jan 30 15:37:04 cu-cs-vm systemd[1]: Started Apply Kernel Variables.
Jan 30 15:37:04 cu-cs-vm systemd[1]: Mounted VMware vmblock fuse mount.
Jan 30 15:37:04 cu-cs-vm kernel: [    0.000000] Linux version 4.15.18revision2 (root@cu-cs-vm) (gcc version 5.4.0 20160609 (Ubuntu 5.4.0-6ubuntu1~16.04.10)) #4 SMP Wed Jan 30 11:09:15 MST 2019 (Ubuntu 4.15.0-33.36~16.04.1-generic 4.15.18)
Jan 30 15:37:04 cu-cs-vm kernel: [    0.000000] Command line: BOOT_IMAGE=/boot/vmlinuz-4.15.18revision2 root=UUID=a7adc8c1-e02a-478b-93ad-c06e060e0176 ro
Jan 30 15:37:04 cu-cs-vm kernel: [    0.000000] KERNEL supported cpus:
Jan 30 15:37:04 cu-cs-vm kernel: [    0.000000]   Intel GenuineIntel
Jan 30 15:37:04 cu-cs-vm kernel: [    0.000000]   AMD AuthenticAMD
Jan 30 15:37:04 cu-cs-vm systemd[1]: Started udev Kernel Device Manager.
Jan 30 15:37:04 cu-cs-vm kernel: [    0.000000]   Centaur CentaurHauls
Jan 30 15:37:04 cu-cs-vm kernel: [    0.000000] Disabled fast string operations
Jan 30 15:37:04 cu-cs-vm systemd[1]: Starting Remount Root and Kernel File Systems...
Jan 30 15:37:04 cu-cs-vm rsyslogd-2039: Could not open output pipe '/dev/xconsole':: No such file or directory [v8.16.0 try http://www.rsyslog.com/e/2039 ]
Jan 30 15:37:04 cu-cs-vm kernel: [    0.000000] x86/fpu: Supporting XSAVE feature 0x001: 'x87 floating point registers'
Jan 30 15:37:04 cu-cs-vm kernel: [    0.000000] x86/fpu: Supporting XSAVE feature 0x002: 'SSE registers'
Jan 30 15:37:04 cu-cs-vm kernel: [    0.000000] x86/fpu: Supporting XSAVE feature 0x004: 'AVX registers'
Jan 30 15:37:04 cu-cs-vm systemd[1]: Started Remount Root and Kernel File Systems.
Jan 30 15:37:04 cu-cs-vm kernel: [    0.000000] x86/fpu: xstate_offset[2]:  576, xstate_sizes[2]:  256
Jan 30 15:37:04 cu-cs-vm kernel: [    0.000000] x86/fpu: Enabled xstate features 0x7, context size is 832 bytes, using 'standard' format.
Jan 30 15:37:04 cu-cs-vm systemd[1]: Starting Flush Journal to Persistent Storage...
Jan 30 15:37:04 cu-cs-vm kernel: [    0.000000] e820: BIOS-provided physical RAM map:
Jan 30 15:37:04 cu-cs-vm kernel: [    0.000000] BIOS-e820: [mem 0x0000000000000000-0x000000000009e7ff] usable
Jan 30 15:37:04 cu-cs-vm kernel: [    0.000000] BIOS-e820: [mem 0x000000000009e800-0x000000000009ffff] reserved
Jan 30 15:37:04 cu-cs-vm kernel: [    0.000000] BIOS-e820: [mem 0x00000000000dc000-0x00000000000fffff] reserved
Jan 30 15:37:04 cu-cs-vm systemd[1]: Reached target Local File Systems (Pre).
Jan 30 15:37:04 cu-cs-vm kernel: [    0.000000] BIOS-e820: [mem 0x0000000000100000-0x00000000bfecffff] usable
Jan 30 15:37:04 cu-cs-vm kernel: [    0.000000] BIOS-e820: [mem 0x00000000bfed0000-0x00000000bfefefff] ACPI data
Jan 30 15:37:04 cu-cs-vm kernel: [    0.000000] BIOS-e820: [mem 0x00000000bfeff000-0x00000000bfefffff] ACPI NVS
Jan 30 15:37:04 cu-cs-vm kernel: [    0.000000] BIOS-e820: [mem 0x00000000bff00000-0x00000000bfffffff] usable
Jan 30 15:37:04 cu-cs-vm kernel: [    0.000000] BIOS-e820: [mem 0x00000000f0000000-0x00000000f7ffffff] reserved
Jan 30 15:37:04 cu-cs-vm systemd[1]: Starting Load/Save Random Seed...
Jan 30 15:37:04 cu-cs-vm kernel: [    0.000000] BIOS-e820: [mem 0x00000000fec00000-0x00000000fec0ffff] reserved
Jan 30 15:37:04 cu-cs-vm kernel: [    0.000000] BIOS-e820: [mem 0x00000000fee00000-0x00000000fee00fff] reserved
Jan 30 15:37:04 cu-cs-vm kernel: [    0.000000] BIOS-e820: [mem 0x00000000fffe0000-0x00000000ffffffff] reserved
Jan 30 15:37:04 cu-cs-vm kernel: [    0.000000] BIOS-e820: [mem 0x0000000100000000-0x000000012fbfffff] usable
Jan 30 15:37:04 cu-cs-vm kernel: [    0.000000] NX (Execute Disable) protection: active
Jan 30 15:37:04 cu-cs-vm kernel: [    0.000000] SMBIOS 2.4 present.
Jan 30 15:37:04 cu-cs-vm kernel: [    0.000000] DMI: VMware, Inc. VMware Virtual Platform/440BX Desktop Reference Platform, BIOS 6.00 07/02/2015
Jan 30 15:37:04 cu-cs-vm systemd[1]: Reached target Local File Systems.
Jan 30 15:37:04 cu-cs-vm kernel: [    0.000000] Hypervisor detected: VMware
Jan 30 15:37:04 cu-cs-vm kernel: [    0.000000] vmware: TSC freq read from hypervisor : 2200.307 MHz
Jan 30 15:37:04 cu-cs-vm kernel: [    0.000000] vmware: Host bus clock speed read from hypervisor : 66000000 Hz
Jan 30 15:37:04 cu-cs-vm kernel: [    0.000000] vmware: using sched offset of 21974722945 ns
Jan 30 15:37:04 cu-cs-vm systemd[1]: Starting Set console font and keymap...
Jan 30 15:37:04 cu-cs-vm kernel: [    0.000000] e820: update [mem 0x00000000-0x00000fff] usable ==> reserved
Jan 30 15:37:04 cu-cs-vm rsyslogd-2007: action 'action 10' suspended, next retry is Wed Jan 30 15:37:34 2019 [v8.16.0 try http://www.rsyslog.com/e/2007 ]
Jan 30 15:37:04 cu-cs-vm kernel: [    0.000000] e820: remove [mem 0x000a0000-0x000fffff] usable
Jan 30 15:37:04 cu-cs-vm kernel: [    0.000000] e820: last_pfn = 0x12fc00 max_arch_pfn = 0x400000000
Jan 30 15:37:04 cu-cs-vm systemd[1]: Started Service for virtual machines hosted on VMware.
Jan 30 15:37:04 cu-cs-vm kernel: [    0.000000] MTRR default type: uncachable
Jan 30 15:37:04 cu-cs-vm kernel: [    0.000000] MTRR fixed ranges enabled:
Jan 30 15:37:04 cu-cs-vm kernel: [    0.000000]   00000-9FFFF write-back
Jan 30 15:37:04 cu-cs-vm kernel: [    0.000000]   A0000-BFFFF uncachable
Jan 30 15:37:04 cu-cs-vm systemd[1]: Starting LSB: AppArmor initialization...
Jan 30 15:37:04 cu-cs-vm kernel: [    0.000000]   C0000-C7FFF write-protect
Jan 30 15:37:04 cu-cs-vm kernel: [    0.000000]   C8000-CBFFF write-back
Jan 30 15:37:04 cu-cs-vm kernel: [    0.000000]   CC000-EFFFF uncachable
Jan 30 15:37:04 cu-cs-vm kernel: [    0.000000]   F0000-FFFFF write-protect
Jan 30 15:37:04 cu-cs-vm kernel: [    0.000000] MTRR variable ranges enabled:
Jan 30 15:37:04 cu-cs-vm kernel: [    0.000000]   0 base 000C0000000 mask 3FFC0000000 uncachable
Jan 30 15:37:04 cu-cs-vm systemd[1]: Starting Enable support for additional executable binary formats...
Jan 30 15:37:04 cu-cs-vm kernel: [    0.000000]   1 base 00000000000 mask 3F000000000 write-back
Jan 30 15:37:04 cu-cs-vm systemd[1]: Starting Tell Plymouth To Write Out Runtime Data...
Jan 30 15:37:04 cu-cs-vm kernel: [    0.000000]   2 disabled
Jan 30 15:37:04 cu-cs-vm kernel: [    0.000000]   3 disabled
Jan 30 15:37:04 cu-cs-vm kernel: [    0.000000]   4 disabled
Jan 30 15:37:04 cu-cs-vm kernel: [    0.000000]   5 disabled
Jan 30 15:37:04 cu-cs-vm kernel: [    0.000000]   6 disabled
Jan 30 15:37:04 cu-cs-vm kernel: [    0.000000]   7 disabled
Jan 30 15:37:04 cu-cs-vm kernel: [    0.000000] x86/PAT: Configuration [0-7]: WB  WC  UC- UC  WB  WP  UC- WT  
Jan 30 15:37:04 cu-cs-vm kernel: [    0.000000] total RAM covered: 64512M
Jan 30 15:37:04 cu-cs-vm kernel: [    0.000000] Found optimal setting for mtrr clean up
Jan 30 15:37:04 cu-cs-vm kernel: [    0.000000]  gran_size: 64K 	chunk_size: 64K 	num_reg: 6  	lose cover RAM: 0G
Jan 30 15:37:04 cu-cs-vm kernel: [    0.000000] e820: update [mem 0xc0000000-0xffffffff] usable ==> reserved
Jan 30 15:37:04 cu-cs-vm kernel: [    0.000000] e820: last_pfn = 0xc0000 max_arch_pfn = 0x400000000
Jan 30 15:37:04 cu-cs-vm kernel: [    0.000000] found SMP MP-table at [mem 0x000f6a80-0x000f6a8f] mapped at [        (ptrval)]
Jan 30 15:37:04 cu-cs-vm kernel: [    0.000000] Scanning 1 areas for low memory corruption
Jan 30 15:37:04 cu-cs-vm kernel: [    0.000000] Base memory trampoline at [        (ptrval)] 98000 size 24576
Jan 30 15:37:04 cu-cs-vm kernel: [    0.000000] Using GB pages for direct mapping
Jan 30 15:37:04 cu-cs-vm kernel: [    0.000000] BRK [0xb6340000, 0xb6340fff] PGTABLE
Jan 30 15:37:04 cu-cs-vm kernel: [    0.000000] BRK [0xb6341000, 0xb6341fff] PGTABLE
Jan 30 15:37:04 cu-cs-vm kernel: [    0.000000] BRK [0xb6342000, 0xb6342fff] PGTABLE
Jan 30 15:37:04 cu-cs-vm kernel: [    0.000000] BRK [0xb6343000, 0xb6343fff] PGTABLE
Jan 30 15:37:04 cu-cs-vm kernel: [    0.000000] BRK [0xb6344000, 0xb6344fff] PGTABLE
Jan 30 15:37:04 cu-cs-vm kernel: [    0.000000] RAMDISK: [mem 0x1d1d3000-0x37feffff]
Jan 30 15:37:04 cu-cs-vm kernel: [    0.000000] ACPI: Early table checksum verification disabled
Jan 30 15:37:04 cu-cs-vm kernel: [    0.000000] ACPI: RSDP 0x00000000000F6A10 000024 (v02 PTLTD )
Jan 30 15:37:04 cu-cs-vm kernel: [    0.000000] ACPI: XSDT 0x00000000BFEDE677 000054 (v01 INTEL  440BX    06040000 VMW  01324272)
Jan 30 15:37:04 cu-cs-vm systemd[1]: Starting udev Coldplug all Devices...
Jan 30 15:37:04 cu-cs-vm kernel: [    0.000000] ACPI: FACP 0x00000000BFEFEE73 0000F4 (v04 INTEL  440BX    06040000 PTL  000F4240)
Jan 30 15:37:04 cu-cs-vm kernel: [    0.000000] ACPI: DSDT 0x00000000BFEE0110 01ED63 (v01 PTLTD  Custom   06040000 MSFT 03000001)
Jan 30 15:37:04 cu-cs-vm kernel: [    0.000000] ACPI: FACS 0x00000000BFEFFFC0 000040
Jan 30 15:37:04 cu-cs-vm systemd[1]: Started Flush Journal to Persistent Storage.
Jan 30 15:37:04 cu-cs-vm systemd[1]: Starting Create Volatile Files and Directories...
Jan 30 15:37:04 cu-cs-vm systemd-tmpfiles[408]: [/usr/lib/tmpfiles.d/var.conf:14] Duplicate line for path "/var/log", ignoring.
Jan 30 15:37:04 cu-cs-vm systemd[1]: Started Create Volatile Files and Directories.
Jan 30 15:37:04 cu-cs-vm systemd[1]: Starting Update UTMP about System Boot/Shutdown...
Jan 30 15:37:04 cu-cs-vm kernel: [    0.000000] ACPI: FACS 0x00000000BFEFFFC0 000040
Jan 30 15:37:04 cu-cs-vm kernel: [    0.000000] ACPI: BOOT 0x00000000BFEE00E8 000028 (v01 PTLTD  $SBFTBL$ 06040000  LTP 00000001)
Jan 30 15:37:04 cu-cs-vm kernel: [    0.000000] ACPI: APIC 0x00000000BFEDF8BD 000742 (v01 PTLTD  ? APIC   06040000  LTP 00000000)
Jan 30 15:37:04 cu-cs-vm kernel: [    0.000000] ACPI: MCFG 0x00000000BFEDF881 00003C (v01 PTLTD  $PCITBL$ 06040000  LTP 00000001)
Jan 30 15:37:04 cu-cs-vm systemd[1]: Starting Network Time Synchronization...
Jan 30 15:37:04 cu-cs-vm systemd[1]: proc-sys-fs-binfmt_misc.automount: Got automount request for /proc/sys/fs/binfmt_misc, triggered by 404 (update-binfmts)
Jan 30 15:37:04 cu-cs-vm systemd[1]: Mounting Arbitrary Executable File Formats File System...
Jan 30 15:37:04 cu-cs-vm systemd[1]: Started Load/Save Random Seed.
Jan 30 15:37:04 cu-cs-vm systemd[1]: Started Network Time Synchronization.
Jan 30 15:37:04 cu-cs-vm systemd[1]: Reached target System Time Synchronized.
Jan 30 15:37:04 cu-cs-vm systemd[1]: Started Update UTMP about System Boot/Shutdown.
Jan 30 15:37:04 cu-cs-vm systemd[1]: Started Tell Plymouth To Write Out Runtime Data.
Jan 30 15:37:04 cu-cs-vm systemd[1]: Mounted Arbitrary Executable File Formats File System.
Jan 30 15:37:04 cu-cs-vm systemd[1]: Started udev Coldplug all Devices.
Jan 30 15:37:04 cu-cs-vm systemd[1]: Started Dispatch Password Requests to Console Directory Watch.
Jan 30 15:37:04 cu-cs-vm systemd[1]: Started Enable support for additional executable binary formats.
Jan 30 15:37:04 cu-cs-vm apparmor[402]:  * Starting AppArmor profiles
Jan 30 15:37:04 cu-cs-vm systemd[1]: Started Set console font and keymap.
Jan 30 15:37:04 cu-cs-vm systemd[1]: Created slice system-getty.slice.
Jan 30 15:37:04 cu-cs-vm mtp-probe: checking bus 2, device 2: "/sys/devices/pci0000:00/0000:00:11.0/0000:02:00.0/usb2/2-1"
Jan 30 15:37:04 cu-cs-vm kernel: [    0.000000] ACPI: SRAT 0x00000000BFEDE72F 0008D0 (v02 VMWARE MEMPLUG  06040000 VMW  00000001)
Jan 30 15:37:04 cu-cs-vm kernel: [    0.000000] ACPI: WAET 0x00000000BFEDE707 000028 (v01 VMWARE VMW WAET 06040000 VMW  00000001)
Jan 30 15:37:04 cu-cs-vm mtp-probe: bus: 2, device: 2 was not an MTP device
Jan 30 15:37:04 cu-cs-vm kernel: [    0.000000] ACPI: Local APIC address 0xfee00000
Jan 30 15:37:04 cu-cs-vm kernel: [    0.000000] system APIC only can use physical flat
Jan 30 15:37:04 cu-cs-vm kernel: [    0.000000] Setting APIC routing to physical flat.
Jan 30 15:37:04 cu-cs-vm kernel: [    0.000000] SRAT: PXM 0 -> APIC 0x00 -> Node 0
Jan 30 15:37:04 cu-cs-vm kernel: [    0.000000] SRAT: PXM 0 -> APIC 0x01 -> Node 0
Jan 30 15:37:04 cu-cs-vm kernel: [    0.000000] SRAT: PXM 0 -> APIC 0x02 -> Node 0
Jan 30 15:37:04 cu-cs-vm mtp-probe: checking bus 1, device 2: "/sys/devices/pci0000:00/0000:00:11.0/0000:02:03.0/usb1/1-1"
Jan 30 15:37:04 cu-cs-vm kernel: [    0.000000] SRAT: PXM 0 -> APIC 0x04 -> Node 0
Jan 30 15:37:04 cu-cs-vm kernel: [    0.000000] SRAT: PXM 0 -> APIC 0x05 -> Node 0
Jan 30 15:37:04 cu-cs-vm kernel: [    0.000000] SRAT: PXM 0 -> APIC 0x06 -> Node 0
Jan 30 15:37:04 cu-cs-vm kernel: [    0.000000] SRAT: PXM 0 -> APIC 0x08 -> Node 0
Jan 30 15:37:04 cu-cs-vm kernel: [    0.000000] SRAT: PXM 0 -> APIC 0x09 -> Node 0
Jan 30 15:37:04 cu-cs-vm kernel: [    0.000000] SRAT: PXM 0 -> APIC 0x0a -> Node 0
Jan 30 15:37:04 cu-cs-vm mtp-probe: bus: 1, device: 2 was not an MTP device
Jan 30 15:37:04 cu-cs-vm kernel: [    0.000000] SRAT: PXM 0 -> APIC 0x0c -> Node 0
Jan 30 15:37:04 cu-cs-vm kernel: [    0.000000] SRAT: PXM 0 -> APIC 0x0d -> Node 0
Jan 30 15:37:04 cu-cs-vm kernel: [    0.000000] SRAT: PXM 0 -> APIC 0x0e -> Node 0
Jan 30 15:37:04 cu-cs-vm kernel: [    0.000000] SRAT: PXM 0 -> APIC 0x10 -> Node 0
Jan 30 15:37:04 cu-cs-vm kernel: [    0.000000] SRAT: PXM 0 -> APIC 0x11 -> Node 0
Jan 30 15:37:04 cu-cs-vm apparmor[402]: Skipping profile in /etc/apparmor.d/disable: usr.bin.firefox
Jan 30 15:37:04 cu-cs-vm kernel: [    0.000000] SRAT: PXM 0 -> APIC 0x12 -> Node 0
Jan 30 15:37:04 cu-cs-vm kernel: [    0.000000] SRAT: PXM 0 -> APIC 0x14 -> Node 0
Jan 30 15:37:04 cu-cs-vm kernel: [    0.000000] SRAT: PXM 0 -> APIC 0x15 -> Node 0
Jan 30 15:37:04 cu-cs-vm kernel: [    0.000000] SRAT: PXM 0 -> APIC 0x16 -> Node 0
Jan 30 15:37:04 cu-cs-vm systemd[1]: Listening on Load/Save RF Kill Switch Status /dev/rfkill Watch.
Jan 30 15:37:04 cu-cs-vm kernel: [    0.000000] SRAT: PXM 0 -> APIC 0x18 -> Node 0
Jan 30 15:37:04 cu-cs-vm kernel: [    0.000000] SRAT: PXM 0 -> APIC 0x19 -> Node 0
Jan 30 15:37:04 cu-cs-vm apparmor[402]: Skipping profile in /etc/apparmor.d/disable: usr.sbin.rsyslogd
Jan 30 15:37:04 cu-cs-vm kernel: [    0.000000] SRAT: PXM 0 -> APIC 0x1a -> Node 0
Jan 30 15:37:04 cu-cs-vm kernel: [    0.000000] SRAT: PXM 0 -> APIC 0x1c -> Node 0
Jan 30 15:37:04 cu-cs-vm kernel: [    0.000000] SRAT: PXM 0 -> APIC 0x1d -> Node 0
Jan 30 15:37:04 cu-cs-vm kernel: [    0.000000] SRAT: PXM 0 -> APIC 0x1e -> Node 0
Jan 30 15:37:04 cu-cs-vm kernel: [    0.000000] SRAT: PXM 0 -> APIC 0x20 -> Node 0
Jan 30 15:37:04 cu-cs-vm kernel: [    0.000000] SRAT: PXM 0 -> APIC 0x21 -> Node 0
Jan 30 15:37:04 cu-cs-vm apparmor[402]:    ...done.
Jan 30 15:37:04 cu-cs-vm kernel: [    0.000000] SRAT: PXM 0 -> APIC 0x22 -> Node 0
Jan 30 15:37:04 cu-cs-vm kernel: [    0.000000] SRAT: PXM 0 -> APIC 0x24 -> Node 0
Jan 30 15:37:04 cu-cs-vm systemd[1]: Started LSB: AppArmor initialization.
Jan 30 15:37:04 cu-cs-vm kernel: [    0.000000] SRAT: PXM 0 -> APIC 0x25 -> Node 0
Jan 30 15:37:04 cu-cs-vm kernel: [    0.000000] SRAT: PXM 0 -> APIC 0x26 -> Node 0
Jan 30 15:37:04 cu-cs-vm kernel: [    0.000000] SRAT: PXM 0 -> APIC 0x28 -> Node 0
Jan 30 15:37:04 cu-cs-vm kernel: [    0.000000] SRAT: PXM 0 -> APIC 0x29 -> Node 0
Jan 30 15:37:04 cu-cs-vm kernel: [    0.000000] SRAT: PXM 0 -> APIC 0x2a -> Node 0
Jan 30 15:37:04 cu-cs-vm kernel: [    0.000000] SRAT: PXM 0 -> APIC 0x2c -> Node 0
Jan 30 15:37:04 cu-cs-vm kernel: [    0.000000] SRAT: PXM 0 -> APIC 0x2d -> Node 0
Jan 30 15:37:04 cu-cs-vm kernel: [    0.000000] SRAT: PXM 0 -> APIC 0x2e -> Node 0
Jan 30 15:37:04 cu-cs-vm kernel: [    0.000000] SRAT: PXM 0 -> APIC 0x30 -> Node 0
Jan 30 15:37:04 cu-cs-vm kernel: [    0.000000] SRAT: PXM 0 -> APIC 0x31 -> Node 0
Jan 30 15:37:04 cu-cs-vm systemd[1]: Starting Raise network interfaces...
Jan 30 15:37:04 cu-cs-vm kernel: [    0.000000] SRAT: PXM 0 -> APIC 0x32 -> Node 0
Jan 30 15:37:04 cu-cs-vm kernel: [    0.000000] SRAT: PXM 0 -> APIC 0x34 -> Node 0
Jan 30 15:37:04 cu-cs-vm kernel: [    0.000000] SRAT: PXM 0 -> APIC 0x35 -> Node 0
Jan 30 15:37:04 cu-cs-vm kernel: [    0.000000] SRAT: PXM 0 -> APIC 0x36 -> Node 0
Jan 30 15:37:04 cu-cs-vm kernel: [    0.000000] SRAT: PXM 0 -> APIC 0x38 -> Node 0
Jan 30 15:37:04 cu-cs-vm systemd[1]: Found device VMware_Virtual_S 5.
Jan 30 15:37:04 cu-cs-vm kernel: [    0.000000] SRAT: PXM 0 -> APIC 0x39 -> Node 0
Jan 30 15:37:04 cu-cs-vm kernel: [    0.000000] SRAT: PXM 0 -> APIC 0x3a -> Node 0
Jan 30 15:37:04 cu-cs-vm kernel: [    0.000000] SRAT: PXM 0 -> APIC 0x3c -> Node 0
Jan 30 15:37:04 cu-cs-vm systemd[1]: Activating swap /dev/disk/by-uuid/4f6f25d8-6004-459b-b46c-f0f3c3d0de9b...
Jan 30 15:37:04 cu-cs-vm systemd[1]: Activated swap /dev/disk/by-uuid/4f6f25d8-6004-459b-b46c-f0f3c3d0de9b.
Jan 30 15:37:04 cu-cs-vm systemd[1]: Reached target Swap.
Jan 30 15:37:04 cu-cs-vm systemd[1]: Reached target System Initialization.
Jan 30 15:37:04 cu-cs-vm systemd[1]: Listening on D-Bus System Message Bus Socket.
Jan 30 15:37:04 cu-cs-vm systemd[1]: Listening on ACPID Listen Socket.
Jan 30 15:37:04 cu-cs-vm systemd[1]: Listening on UUID daemon activation socket.
Jan 30 15:37:04 cu-cs-vm systemd[1]: Listening on Avahi mDNS/DNS-SD Stack Activation Socket.
Jan 30 15:37:04 cu-cs-vm systemd[1]: Started ACPI Events Check.
Jan 30 15:37:04 cu-cs-vm systemd[1]: Started Daily apt download activities.
Jan 30 15:37:04 cu-cs-vm systemd[1]: Started Daily apt upgrade and clean activities.
Jan 30 15:37:04 cu-cs-vm systemd[1]: Started Daily Cleanup of Temporary Directories.
Jan 30 15:37:04 cu-cs-vm systemd[1]: Starting Socket activation for snappy daemon.
Jan 30 15:37:04 cu-cs-vm systemd[1]: Started CUPS Scheduler.
Jan 30 15:37:04 cu-cs-vm systemd[1]: Reached target Paths.
Jan 30 15:37:04 cu-cs-vm systemd[1]: Reached target Timers.
Jan 30 15:37:04 cu-cs-vm systemd[1]: Listening on CUPS Scheduler.
Jan 30 15:37:04 cu-cs-vm systemd[1]: Listening on Socket activation for snappy daemon.
Jan 30 15:37:04 cu-cs-vm systemd[1]: Reached target Sockets.
Jan 30 15:37:04 cu-cs-vm systemd[1]: Reached target Basic System.
Jan 30 15:37:04 cu-cs-vm kernel: [    0.000000] SRAT: PXM 0 -> APIC 0x3d -> Node 0
Jan 30 15:37:04 cu-cs-vm kernel: [    0.000000] SRAT: PXM 0 -> APIC 0x3e -> Node 0
Jan 30 15:37:04 cu-cs-vm kernel: [    0.000000] SRAT: PXM 0 -> APIC 0x40 -> Node 0
Jan 30 15:37:04 cu-cs-vm systemd[1]: Starting Initialize hardware monitoring sensors...
Jan 30 15:37:04 cu-cs-vm kernel: [    0.000000] SRAT: PXM 0 -> APIC 0x41 -> Node 0
Jan 30 15:37:04 cu-cs-vm kernel: [    0.000000] SRAT: PXM 0 -> APIC 0x42 -> Node 0
Jan 30 15:37:04 cu-cs-vm kernel: [    0.000000] SRAT: PXM 0 -> APIC 0x44 -> Node 0
Jan 30 15:37:04 cu-cs-vm kernel: [    0.000000] SRAT: PXM 0 -> APIC 0x45 -> Node 0
Jan 30 15:37:04 cu-cs-vm kernel: [    0.000000] SRAT: PXM 0 -> APIC 0x46 -> Node 0
Jan 30 15:37:04 cu-cs-vm kernel: [    0.000000] SRAT: PXM 0 -> APIC 0x48 -> Node 0
Jan 30 15:37:04 cu-cs-vm kernel: [    0.000000] SRAT: PXM 0 -> APIC 0x49 -> Node 0
Jan 30 15:37:04 cu-cs-vm kernel: [    0.000000] SRAT: PXM 0 -> APIC 0x4a -> Node 0
Jan 30 15:37:04 cu-cs-vm kernel: [    0.000000] SRAT: PXM 0 -> APIC 0x4c -> Node 0
Jan 30 15:37:04 cu-cs-vm kernel: [    0.000000] SRAT: PXM 0 -> APIC 0x4d -> Node 0
Jan 30 15:37:04 cu-cs-vm kernel: [    0.000000] SRAT: PXM 0 -> APIC 0x4e -> Node 0
Jan 30 15:37:04 cu-cs-vm kernel: [    0.000000] SRAT: PXM 0 -> APIC 0x50 -> Node 0
Jan 30 15:37:04 cu-cs-vm kernel: [    0.000000] SRAT: PXM 0 -> APIC 0x51 -> Node 0
Jan 30 15:37:04 cu-cs-vm kernel: [    0.000000] SRAT: PXM 0 -> APIC 0x52 -> Node 0
Jan 30 15:37:04 cu-cs-vm kernel: [    0.000000] SRAT: PXM 0 -> APIC 0x54 -> Node 0
Jan 30 15:37:04 cu-cs-vm kernel: [    0.000000] SRAT: PXM 0 -> APIC 0x55 -> Node 0
Jan 30 15:37:04 cu-cs-vm kernel: [    0.000000] SRAT: PXM 0 -> APIC 0x56 -> Node 0
Jan 30 15:37:04 cu-cs-vm kernel: [    0.000000] SRAT: PXM 0 -> APIC 0x58 -> Node 0
Jan 30 15:37:04 cu-cs-vm kernel: [    0.000000] SRAT: PXM 0 -> APIC 0x59 -> Node 0
Jan 30 15:37:04 cu-cs-vm kernel: [    0.000000] SRAT: PXM 0 -> APIC 0x5a -> Node 0
Jan 30 15:37:04 cu-cs-vm kernel: [    0.000000] SRAT: PXM 0 -> APIC 0x5c -> Node 0
Jan 30 15:37:04 cu-cs-vm kernel: [    0.000000] SRAT: PXM 0 -> APIC 0x5d -> Node 0
Jan 30 15:37:04 cu-cs-vm kernel: [    0.000000] SRAT: PXM 0 -> APIC 0x5e -> Node 0
Jan 30 15:37:04 cu-cs-vm kernel: [    0.000000] SRAT: PXM 0 -> APIC 0x60 -> Node 0
Jan 30 15:37:04 cu-cs-vm kernel: [    0.000000] SRAT: PXM 0 -> APIC 0x61 -> Node 0
Jan 30 15:37:04 cu-cs-vm kernel: [    0.000000] SRAT: PXM 0 -> APIC 0x62 -> Node 0
Jan 30 15:37:04 cu-cs-vm kernel: [    0.000000] SRAT: PXM 0 -> APIC 0x64 -> Node 0
Jan 30 15:37:04 cu-cs-vm kernel: [    0.000000] SRAT: PXM 0 -> APIC 0x65 -> Node 0
Jan 30 15:37:04 cu-cs-vm kernel: [    0.000000] SRAT: PXM 0 -> APIC 0x66 -> Node 0
Jan 30 15:37:04 cu-cs-vm kernel: [    0.000000] SRAT: PXM 0 -> APIC 0x68 -> Node 0
Jan 30 15:37:04 cu-cs-vm kernel: [    0.000000] SRAT: PXM 0 -> APIC 0x69 -> Node 0
Jan 30 15:37:04 cu-cs-vm kernel: [    0.000000] SRAT: PXM 0 -> APIC 0x6a -> Node 0
Jan 30 15:37:04 cu-cs-vm kernel: [    0.000000] SRAT: PXM 0 -> APIC 0x6c -> Node 0
Jan 30 15:37:04 cu-cs-vm kernel: [    0.000000] SRAT: PXM 0 -> APIC 0x6d -> Node 0
Jan 30 15:37:04 cu-cs-vm kernel: [    0.000000] SRAT: PXM 0 -> APIC 0x6e -> Node 0
Jan 30 15:37:04 cu-cs-vm kernel: [    0.000000] SRAT: PXM 0 -> APIC 0x70 -> Node 0
Jan 30 15:37:04 cu-cs-vm kernel: [    0.000000] SRAT: PXM 0 -> APIC 0x71 -> Node 0
Jan 30 15:37:04 cu-cs-vm kernel: [    0.000000] SRAT: PXM 0 -> APIC 0x72 -> Node 0
Jan 30 15:37:04 cu-cs-vm kernel: [    0.000000] SRAT: PXM 0 -> APIC 0x74 -> Node 0
Jan 30 15:37:04 cu-cs-vm kernel: [    0.000000] SRAT: PXM 0 -> APIC 0x75 -> Node 0
Jan 30 15:37:04 cu-cs-vm kernel: [    0.000000] SRAT: PXM 0 -> APIC 0x76 -> Node 0
Jan 30 15:37:04 cu-cs-vm kernel: [    0.000000] SRAT: PXM 0 -> APIC 0x78 -> Node 0
Jan 30 15:37:04 cu-cs-vm kernel: [    0.000000] SRAT: PXM 0 -> APIC 0x79 -> Node 0
Jan 30 15:37:04 cu-cs-vm kernel: [    0.000000] SRAT: PXM 0 -> APIC 0x7a -> Node 0
Jan 30 15:37:04 cu-cs-vm kernel: [    0.000000] SRAT: PXM 0 -> APIC 0x7c -> Node 0
Jan 30 15:37:04 cu-cs-vm kernel: [    0.000000] SRAT: PXM 0 -> APIC 0x7d -> Node 0
Jan 30 15:37:04 cu-cs-vm kernel: [    0.000000] SRAT: PXM 0 -> APIC 0x7e -> Node 0
Jan 30 15:37:04 cu-cs-vm kernel: [    0.000000] SRAT: PXM 0 -> APIC 0x80 -> Node 0
Jan 30 15:37:04 cu-cs-vm kernel: [    0.000000] SRAT: PXM 0 -> APIC 0x81 -> Node 0
Jan 30 15:37:04 cu-cs-vm kernel: [    0.000000] SRAT: PXM 0 -> APIC 0x82 -> Node 0
Jan 30 15:37:04 cu-cs-vm kernel: [    0.000000] SRAT: PXM 0 -> APIC 0x84 -> Node 0
Jan 30 15:37:04 cu-cs-vm kernel: [    0.000000] SRAT: PXM 0 -> APIC 0x85 -> Node 0
Jan 30 15:37:04 cu-cs-vm kernel: [    0.000000] SRAT: PXM 0 -> APIC 0x86 -> Node 0
Jan 30 15:37:04 cu-cs-vm kernel: [    0.000000] SRAT: PXM 0 -> APIC 0x88 -> Node 0
Jan 30 15:37:04 cu-cs-vm kernel: [    0.000000] SRAT: PXM 0 -> APIC 0x89 -> Node 0
Jan 30 15:37:04 cu-cs-vm kernel: [    0.000000] SRAT: PXM 0 -> APIC 0x8a -> Node 0
Jan 30 15:37:04 cu-cs-vm kernel: [    0.000000] SRAT: PXM 0 -> APIC 0x8c -> Node 0
Jan 30 15:37:04 cu-cs-vm kernel: [    0.000000] SRAT: PXM 0 -> APIC 0x8d -> Node 0
Jan 30 15:37:04 cu-cs-vm kernel: [    0.000000] SRAT: PXM 0 -> APIC 0x8e -> Node 0
Jan 30 15:37:04 cu-cs-vm kernel: [    0.000000] SRAT: PXM 0 -> APIC 0x90 -> Node 0
Jan 30 15:37:04 cu-cs-vm kernel: [    0.000000] SRAT: PXM 0 -> APIC 0x91 -> Node 0
Jan 30 15:37:04 cu-cs-vm kernel: [    0.000000] SRAT: PXM 0 -> APIC 0x92 -> Node 0
Jan 30 15:37:04 cu-cs-vm kernel: [    0.000000] SRAT: PXM 0 -> APIC 0x94 -> Node 0
Jan 30 15:37:04 cu-cs-vm kernel: [    0.000000] SRAT: PXM 0 -> APIC 0x95 -> Node 0
Jan 30 15:37:04 cu-cs-vm kernel: [    0.000000] SRAT: PXM 0 -> APIC 0x96 -> Node 0
Jan 30 15:37:04 cu-cs-vm kernel: [    0.000000] SRAT: PXM 0 -> APIC 0x98 -> Node 0
Jan 30 15:37:04 cu-cs-vm kernel: [    0.000000] SRAT: PXM 0 -> APIC 0x99 -> Node 0
Jan 30 15:37:04 cu-cs-vm kernel: [    0.000000] SRAT: PXM 0 -> APIC 0x9a -> Node 0
Jan 30 15:37:04 cu-cs-vm kernel: [    0.000000] SRAT: PXM 0 -> APIC 0x9c -> Node 0
Jan 30 15:37:04 cu-cs-vm kernel: [    0.000000] SRAT: PXM 0 -> APIC 0x9d -> Node 0
Jan 30 15:37:04 cu-cs-vm kernel: [    0.000000] SRAT: PXM 0 -> APIC 0x9e -> Node 0
Jan 30 15:37:04 cu-cs-vm kernel: [    0.000000] SRAT: PXM 0 -> APIC 0xa0 -> Node 0
Jan 30 15:37:04 cu-cs-vm kernel: [    0.000000] SRAT: PXM 0 -> APIC 0xa1 -> Node 0
Jan 30 15:37:04 cu-cs-vm kernel: [    0.000000] SRAT: PXM 0 -> APIC 0xa2 -> Node 0
Jan 30 15:37:04 cu-cs-vm kernel: [    0.000000] SRAT: PXM 0 -> APIC 0xa4 -> Node 0
Jan 30 15:37:04 cu-cs-vm kernel: [    0.000000] SRAT: PXM 0 -> APIC 0xa5 -> Node 0
Jan 30 15:37:04 cu-cs-vm kernel: [    0.000000] SRAT: PXM 0 -> APIC 0xa6 -> Node 0
Jan 30 15:37:04 cu-cs-vm kernel: [    0.000000] SRAT: PXM 0 -> APIC 0xa8 -> Node 0
Jan 30 15:37:04 cu-cs-vm kernel: [    0.000000] SRAT: PXM 0 -> APIC 0xa9 -> Node 0
Jan 30 15:37:04 cu-cs-vm kernel: [    0.000000] ACPI: SRAT: Node 0 PXM 0 [mem 0x00000000-0x0009ffff]
Jan 30 15:37:04 cu-cs-vm kernel: [    0.000000] ACPI: SRAT: Node 0 PXM 0 [mem 0x00100000-0xbfffffff]
Jan 30 15:37:04 cu-cs-vm kernel: [    0.000000] ACPI: SRAT: Node 0 PXM 0 [mem 0x100000000-0x12fbfffff]
Jan 30 15:37:04 cu-cs-vm kernel: [    0.000000] ACPI: SRAT: Node 0 PXM 0 [mem 0x12fc00000-0xf37ffffff] hotplug
Jan 30 15:37:04 cu-cs-vm kernel: [    0.000000] NUMA: Node 0 [mem 0x00000000-0x0009ffff] + [mem 0x00100000-0xbfffffff] -> [mem 0x00000000-0xbfffffff]
Jan 30 15:37:04 cu-cs-vm kernel: [    0.000000] NUMA: Node 0 [mem 0x00000000-0xbfffffff] + [mem 0x100000000-0x12fbfffff] -> [mem 0x00000000-0x12fbfffff]
Jan 30 15:37:04 cu-cs-vm kernel: [    0.000000] NODE_DATA(0) allocated [mem 0x12fbd3000-0x12fbfdfff]
Jan 30 15:37:04 cu-cs-vm kernel: [    0.000000] Zone ranges:
Jan 30 15:37:04 cu-cs-vm kernel: [    0.000000]   DMA      [mem 0x0000000000001000-0x0000000000ffffff]
Jan 30 15:37:04 cu-cs-vm kernel: [    0.000000]   DMA32    [mem 0x0000000001000000-0x00000000ffffffff]
Jan 30 15:37:04 cu-cs-vm kernel: [    0.000000]   Normal   [mem 0x0000000100000000-0x000000012fbfffff]
Jan 30 15:37:04 cu-cs-vm kernel: [    0.000000]   Device   empty
Jan 30 15:37:04 cu-cs-vm kernel: [    0.000000] Movable zone start for each node
Jan 30 15:37:04 cu-cs-vm kernel: [    0.000000] Early memory node ranges
Jan 30 15:37:04 cu-cs-vm kernel: [    0.000000]   node   0: [mem 0x0000000000001000-0x000000000009dfff]
Jan 30 15:37:04 cu-cs-vm kernel: [    0.000000]   node   0: [mem 0x0000000000100000-0x00000000bfecffff]
Jan 30 15:37:04 cu-cs-vm kernel: [    0.000000]   node   0: [mem 0x00000000bff00000-0x00000000bfffffff]
Jan 30 15:37:04 cu-cs-vm kernel: [    0.000000]   node   0: [mem 0x0000000100000000-0x000000012fbfffff]
Jan 30 15:37:04 cu-cs-vm kernel: [    0.000000] Initmem setup node 0 [mem 0x0000000000001000-0x000000012fbfffff]
Jan 30 15:37:04 cu-cs-vm kernel: [    0.000000] On node 0 totalpages: 981869
Jan 30 15:37:04 cu-cs-vm kernel: [    0.000000]   DMA zone: 64 pages used for memmap
Jan 30 15:37:04 cu-cs-vm kernel: [    0.000000]   DMA zone: 21 pages reserved
Jan 30 15:37:04 cu-cs-vm kernel: [    0.000000]   DMA zone: 3997 pages, LIFO batch:0
Jan 30 15:37:04 cu-cs-vm kernel: [    0.000000]   DMA32 zone: 12224 pages used for memmap
Jan 30 15:37:04 cu-cs-vm kernel: [    0.000000]   DMA32 zone: 782288 pages, LIFO batch:31
Jan 30 15:37:04 cu-cs-vm kernel: [    0.000000]   Normal zone: 3056 pages used for memmap
Jan 30 15:37:04 cu-cs-vm kernel: [    0.000000]   Normal zone: 195584 pages, LIFO batch:31
Jan 30 15:37:04 cu-cs-vm kernel: [    0.000000] Reserved but unavailable: 99 pages
Jan 30 15:37:04 cu-cs-vm kernel: [    0.000000] ACPI: PM-Timer IO Port: 0x1008
Jan 30 15:37:04 cu-cs-vm kernel: [    0.000000] ACPI: Local APIC address 0xfee00000
Jan 30 15:37:04 cu-cs-vm kernel: [    0.000000] system APIC only can use physical flat
Jan 30 15:37:04 cu-cs-vm kernel: [    0.000000] ACPI: LAPIC_NMI (acpi_id[0x00] high edge lint[0x1])
Jan 30 15:37:04 cu-cs-vm kernel: [    0.000000] ACPI: LAPIC_NMI (acpi_id[0x01] high edge lint[0x1])
Jan 30 15:37:04 cu-cs-vm kernel: [    0.000000] ACPI: LAPIC_NMI (acpi_id[0x02] high edge lint[0x1])
Jan 30 15:37:04 cu-cs-vm kernel: [    0.000000] ACPI: LAPIC_NMI (acpi_id[0x03] high edge lint[0x1])
Jan 30 15:37:04 cu-cs-vm kernel: [    0.000000] ACPI: LAPIC_NMI (acpi_id[0x04] high edge lint[0x1])
Jan 30 15:37:04 cu-cs-vm kernel: [    0.000000] ACPI: LAPIC_NMI (acpi_id[0x05] high edge lint[0x1])
Jan 30 15:37:04 cu-cs-vm kernel: [    0.000000] ACPI: LAPIC_NMI (acpi_id[0x06] high edge lint[0x1])
Jan 30 15:37:04 cu-cs-vm kernel: [    0.000000] ACPI: LAPIC_NMI (acpi_id[0x07] high edge lint[0x1])
Jan 30 15:37:04 cu-cs-vm kernel: [    0.000000] ACPI: LAPIC_NMI (acpi_id[0x08] high edge lint[0x1])
Jan 30 15:37:04 cu-cs-vm kernel: [    0.000000] ACPI: LAPIC_NMI (acpi_id[0x09] high edge lint[0x1])
Jan 30 15:37:04 cu-cs-vm kernel: [    0.000000] ACPI: LAPIC_NMI (acpi_id[0x0a] high edge lint[0x1])
Jan 30 15:37:04 cu-cs-vm kernel: [    0.000000] ACPI: LAPIC_NMI (acpi_id[0x0b] high edge lint[0x1])
Jan 30 15:37:04 cu-cs-vm kernel: [    0.000000] ACPI: LAPIC_NMI (acpi_id[0x0c] high edge lint[0x1])
Jan 30 15:37:04 cu-cs-vm kernel: [    0.000000] ACPI: LAPIC_NMI (acpi_id[0x0d] high edge lint[0x1])
Jan 30 15:37:04 cu-cs-vm kernel: [    0.000000] ACPI: LAPIC_NMI (acpi_id[0x0e] high edge lint[0x1])
Jan 30 15:37:04 cu-cs-vm kernel: [    0.000000] ACPI: LAPIC_NMI (acpi_id[0x0f] high edge lint[0x1])
Jan 30 15:37:04 cu-cs-vm kernel: [    0.000000] ACPI: LAPIC_NMI (acpi_id[0x10] high edge lint[0x1])
Jan 30 15:37:04 cu-cs-vm kernel: [    0.000000] ACPI: LAPIC_NMI (acpi_id[0x11] high edge lint[0x1])
Jan 30 15:37:04 cu-cs-vm kernel: [    0.000000] ACPI: LAPIC_NMI (acpi_id[0x12] high edge lint[0x1])
Jan 30 15:37:04 cu-cs-vm kernel: [    0.000000] ACPI: LAPIC_NMI (acpi_id[0x13] high edge lint[0x1])
Jan 30 15:37:04 cu-cs-vm kernel: [    0.000000] ACPI: LAPIC_NMI (acpi_id[0x14] high edge lint[0x1])
Jan 30 15:37:04 cu-cs-vm kernel: [    0.000000] ACPI: LAPIC_NMI (acpi_id[0x15] high edge lint[0x1])
Jan 30 15:37:04 cu-cs-vm kernel: [    0.000000] ACPI: LAPIC_NMI (acpi_id[0x16] high edge lint[0x1])
Jan 30 15:37:04 cu-cs-vm kernel: [    0.000000] ACPI: LAPIC_NMI (acpi_id[0x17] high edge lint[0x1])
Jan 30 15:37:04 cu-cs-vm kernel: [    0.000000] ACPI: LAPIC_NMI (acpi_id[0x18] high edge lint[0x1])
Jan 30 15:37:04 cu-cs-vm kernel: [    0.000000] ACPI: LAPIC_NMI (acpi_id[0x19] high edge lint[0x1])
Jan 30 15:37:04 cu-cs-vm kernel: [    0.000000] ACPI: LAPIC_NMI (acpi_id[0x1a] high edge lint[0x1])
Jan 30 15:37:04 cu-cs-vm kernel: [    0.000000] ACPI: LAPIC_NMI (acpi_id[0x1b] high edge lint[0x1])
Jan 30 15:37:04 cu-cs-vm kernel: [    0.000000] ACPI: LAPIC_NMI (acpi_id[0x1c] high edge lint[0x1])
Jan 30 15:37:04 cu-cs-vm kernel: [    0.000000] ACPI: LAPIC_NMI (acpi_id[0x1d] high edge lint[0x1])
Jan 30 15:37:04 cu-cs-vm kernel: [    0.000000] ACPI: LAPIC_NMI (acpi_id[0x1e] high edge lint[0x1])
Jan 30 15:37:04 cu-cs-vm kernel: [    0.000000] ACPI: LAPIC_NMI (acpi_id[0x1f] high edge lint[0x1])
Jan 30 15:37:04 cu-cs-vm kernel: [    0.000000] ACPI: LAPIC_NMI (acpi_id[0x20] high edge lint[0x1])
Jan 30 15:37:04 cu-cs-vm kernel: [    0.000000] ACPI: LAPIC_NMI (acpi_id[0x21] high edge lint[0x1])
Jan 30 15:37:04 cu-cs-vm kernel: [    0.000000] ACPI: LAPIC_NMI (acpi_id[0x22] high edge lint[0x1])
Jan 30 15:37:04 cu-cs-vm kernel: [    0.000000] ACPI: LAPIC_NMI (acpi_id[0x23] high edge lint[0x1])
Jan 30 15:37:04 cu-cs-vm kernel: [    0.000000] ACPI: LAPIC_NMI (acpi_id[0x24] high edge lint[0x1])
Jan 30 15:37:04 cu-cs-vm kernel: [    0.000000] ACPI: LAPIC_NMI (acpi_id[0x25] high edge lint[0x1])
Jan 30 15:37:04 cu-cs-vm kernel: [    0.000000] ACPI: LAPIC_NMI (acpi_id[0x26] high edge lint[0x1])
Jan 30 15:37:04 cu-cs-vm kernel: [    0.000000] ACPI: LAPIC_NMI (acpi_id[0x27] high edge lint[0x1])
Jan 30 15:37:04 cu-cs-vm kernel: [    0.000000] ACPI: LAPIC_NMI (acpi_id[0x28] high edge lint[0x1])
Jan 30 15:37:04 cu-cs-vm kernel: [    0.000000] ACPI: LAPIC_NMI (acpi_id[0x29] high edge lint[0x1])
Jan 30 15:37:04 cu-cs-vm kernel: [    0.000000] ACPI: LAPIC_NMI (acpi_id[0x2a] high edge lint[0x1])
Jan 30 15:37:04 cu-cs-vm kernel: [    0.000000] ACPI: LAPIC_NMI (acpi_id[0x2b] high edge lint[0x1])
Jan 30 15:37:04 cu-cs-vm kernel: [    0.000000] ACPI: LAPIC_NMI (acpi_id[0x2c] high edge lint[0x1])
Jan 30 15:37:04 cu-cs-vm kernel: [    0.000000] ACPI: LAPIC_NMI (acpi_id[0x2d] high edge lint[0x1])
Jan 30 15:37:04 cu-cs-vm kernel: [    0.000000] ACPI: LAPIC_NMI (acpi_id[0x2e] high edge lint[0x1])
Jan 30 15:37:04 cu-cs-vm kernel: [    0.000000] ACPI: LAPIC_NMI (acpi_id[0x2f] high edge lint[0x1])
Jan 30 15:37:04 cu-cs-vm kernel: [    0.000000] ACPI: LAPIC_NMI (acpi_id[0x30] high edge lint[0x1])
Jan 30 15:37:04 cu-cs-vm kernel: [    0.000000] ACPI: LAPIC_NMI (acpi_id[0x31] high edge lint[0x1])
Jan 30 15:37:04 cu-cs-vm kernel: [    0.000000] ACPI: LAPIC_NMI (acpi_id[0x32] high edge lint[0x1])
Jan 30 15:37:04 cu-cs-vm kernel: [    0.000000] ACPI: LAPIC_NMI (acpi_id[0x33] high edge lint[0x1])
Jan 30 15:37:04 cu-cs-vm kernel: [    0.000000] ACPI: LAPIC_NMI (acpi_id[0x34] high edge lint[0x1])
Jan 30 15:37:04 cu-cs-vm kernel: [    0.000000] ACPI: LAPIC_NMI (acpi_id[0x35] high edge lint[0x1])
Jan 30 15:37:04 cu-cs-vm kernel: [    0.000000] ACPI: LAPIC_NMI (acpi_id[0x36] high edge lint[0x1])
Jan 30 15:37:04 cu-cs-vm kernel: [    0.000000] ACPI: LAPIC_NMI (acpi_id[0x37] high edge lint[0x1])
Jan 30 15:37:04 cu-cs-vm kernel: [    0.000000] ACPI: LAPIC_NMI (acpi_id[0x38] high edge lint[0x1])
Jan 30 15:37:04 cu-cs-vm kernel: [    0.000000] ACPI: LAPIC_NMI (acpi_id[0x39] high edge lint[0x1])
Jan 30 15:37:04 cu-cs-vm kernel: [    0.000000] ACPI: LAPIC_NMI (acpi_id[0x3a] high edge lint[0x1])
Jan 30 15:37:04 cu-cs-vm kernel: [    0.000000] ACPI: LAPIC_NMI (acpi_id[0x3b] high edge lint[0x1])
Jan 30 15:37:04 cu-cs-vm kernel: [    0.000000] ACPI: LAPIC_NMI (acpi_id[0x3c] high edge lint[0x1])
Jan 30 15:37:04 cu-cs-vm kernel: [    0.000000] ACPI: LAPIC_NMI (acpi_id[0x3d] high edge lint[0x1])
Jan 30 15:37:04 cu-cs-vm kernel: [    0.000000] ACPI: LAPIC_NMI (acpi_id[0x3e] high edge lint[0x1])
Jan 30 15:37:04 cu-cs-vm kernel: [    0.000000] ACPI: LAPIC_NMI (acpi_id[0x3f] high edge lint[0x1])
Jan 30 15:37:04 cu-cs-vm kernel: [    0.000000] ACPI: LAPIC_NMI (acpi_id[0x40] high edge lint[0x1])
Jan 30 15:37:04 cu-cs-vm kernel: [    0.000000] ACPI: LAPIC_NMI (acpi_id[0x41] high edge lint[0x1])
Jan 30 15:37:04 cu-cs-vm kernel: [    0.000000] ACPI: LAPIC_NMI (acpi_id[0x42] high edge lint[0x1])
Jan 30 15:37:04 cu-cs-vm kernel: [    0.000000] ACPI: LAPIC_NMI (acpi_id[0x43] high edge lint[0x1])
Jan 30 15:37:04 cu-cs-vm kernel: [    0.000000] ACPI: LAPIC_NMI (acpi_id[0x44] high edge lint[0x1])
Jan 30 15:37:04 cu-cs-vm kernel: [    0.000000] ACPI: LAPIC_NMI (acpi_id[0x45] high edge lint[0x1])
Jan 30 15:37:04 cu-cs-vm kernel: [    0.000000] ACPI: LAPIC_NMI (acpi_id[0x46] high edge lint[0x1])
Jan 30 15:37:04 cu-cs-vm kernel: [    0.000000] ACPI: LAPIC_NMI (acpi_id[0x47] high edge lint[0x1])
Jan 30 15:37:04 cu-cs-vm kernel: [    0.000000] ACPI: LAPIC_NMI (acpi_id[0x48] high edge lint[0x1])
Jan 30 15:37:04 cu-cs-vm kernel: [    0.000000] ACPI: LAPIC_NMI (acpi_id[0x49] high edge lint[0x1])
Jan 30 15:37:04 cu-cs-vm kernel: [    0.000000] ACPI: LAPIC_NMI (acpi_id[0x4a] high edge lint[0x1])
Jan 30 15:37:04 cu-cs-vm kernel: [    0.000000] ACPI: LAPIC_NMI (acpi_id[0x4b] high edge lint[0x1])
Jan 30 15:37:04 cu-cs-vm kernel: [    0.000000] ACPI: LAPIC_NMI (acpi_id[0x4c] high edge lint[0x1])
Jan 30 15:37:04 cu-cs-vm kernel: [    0.000000] ACPI: LAPIC_NMI (acpi_id[0x4d] high edge lint[0x1])
Jan 30 15:37:04 cu-cs-vm kernel: [    0.000000] ACPI: LAPIC_NMI (acpi_id[0x4e] high edge lint[0x1])
Jan 30 15:37:04 cu-cs-vm kernel: [    0.000000] ACPI: LAPIC_NMI (acpi_id[0x4f] high edge lint[0x1])
Jan 30 15:37:04 cu-cs-vm kernel: [    0.000000] ACPI: LAPIC_NMI (acpi_id[0x50] high edge lint[0x1])
Jan 30 15:37:04 cu-cs-vm kernel: [    0.000000] ACPI: LAPIC_NMI (acpi_id[0x51] high edge lint[0x1])
Jan 30 15:37:04 cu-cs-vm kernel: [    0.000000] ACPI: LAPIC_NMI (acpi_id[0x52] high edge lint[0x1])
Jan 30 15:37:04 cu-cs-vm kernel: [    0.000000] ACPI: LAPIC_NMI (acpi_id[0x53] high edge lint[0x1])
Jan 30 15:37:04 cu-cs-vm kernel: [    0.000000] ACPI: LAPIC_NMI (acpi_id[0x54] high edge lint[0x1])
Jan 30 15:37:04 cu-cs-vm kernel: [    0.000000] ACPI: LAPIC_NMI (acpi_id[0x55] high edge lint[0x1])
Jan 30 15:37:04 cu-cs-vm kernel: [    0.000000] ACPI: LAPIC_NMI (acpi_id[0x56] high edge lint[0x1])
Jan 30 15:37:04 cu-cs-vm kernel: [    0.000000] ACPI: LAPIC_NMI (acpi_id[0x57] high edge lint[0x1])
Jan 30 15:37:04 cu-cs-vm kernel: [    0.000000] ACPI: LAPIC_NMI (acpi_id[0x58] high edge lint[0x1])
Jan 30 15:37:04 cu-cs-vm kernel: [    0.000000] ACPI: LAPIC_NMI (acpi_id[0x59] high edge lint[0x1])
Jan 30 15:37:04 cu-cs-vm kernel: [    0.000000] ACPI: LAPIC_NMI (acpi_id[0x5a] high edge lint[0x1])
Jan 30 15:37:04 cu-cs-vm kernel: [    0.000000] ACPI: LAPIC_NMI (acpi_id[0x5b] high edge lint[0x1])
Jan 30 15:37:04 cu-cs-vm kernel: [    0.000000] ACPI: LAPIC_NMI (acpi_id[0x5c] high edge lint[0x1])
Jan 30 15:37:04 cu-cs-vm kernel: [    0.000000] ACPI: LAPIC_NMI (acpi_id[0x5d] high edge lint[0x1])
Jan 30 15:37:04 cu-cs-vm kernel: [    0.000000] ACPI: LAPIC_NMI (acpi_id[0x5e] high edge lint[0x1])
Jan 30 15:37:04 cu-cs-vm kernel: [    0.000000] ACPI: LAPIC_NMI (acpi_id[0x5f] high edge lint[0x1])
Jan 30 15:37:04 cu-cs-vm kernel: [    0.000000] ACPI: LAPIC_NMI (acpi_id[0x60] high edge lint[0x1])
Jan 30 15:37:04 cu-cs-vm kernel: [    0.000000] ACPI: LAPIC_NMI (acpi_id[0x61] high edge lint[0x1])
Jan 30 15:37:04 cu-cs-vm kernel: [    0.000000] ACPI: LAPIC_NMI (acpi_id[0x62] high edge lint[0x1])
Jan 30 15:37:04 cu-cs-vm kernel: [    0.000000] ACPI: LAPIC_NMI (acpi_id[0x63] high edge lint[0x1])
Jan 30 15:37:04 cu-cs-vm kernel: [    0.000000] ACPI: LAPIC_NMI (acpi_id[0x64] high edge lint[0x1])
Jan 30 15:37:04 cu-cs-vm kernel: [    0.000000] ACPI: LAPIC_NMI (acpi_id[0x65] high edge lint[0x1])
Jan 30 15:37:04 cu-cs-vm kernel: [    0.000000] ACPI: LAPIC_NMI (acpi_id[0x66] high edge lint[0x1])
Jan 30 15:37:04 cu-cs-vm kernel: [    0.000000] ACPI: LAPIC_NMI (acpi_id[0x67] high edge lint[0x1])
Jan 30 15:37:04 cu-cs-vm kernel: [    0.000000] ACPI: LAPIC_NMI (acpi_id[0x68] high edge lint[0x1])
Jan 30 15:37:04 cu-cs-vm kernel: [    0.000000] ACPI: LAPIC_NMI (acpi_id[0x69] high edge lint[0x1])
Jan 30 15:37:04 cu-cs-vm kernel: [    0.000000] ACPI: LAPIC_NMI (acpi_id[0x6a] high edge lint[0x1])
Jan 30 15:37:04 cu-cs-vm kernel: [    0.000000] ACPI: LAPIC_NMI (acpi_id[0x6b] high edge lint[0x1])
Jan 30 15:37:04 cu-cs-vm kernel: [    0.000000] ACPI: LAPIC_NMI (acpi_id[0x6c] high edge lint[0x1])
Jan 30 15:37:04 cu-cs-vm kernel: [    0.000000] ACPI: LAPIC_NMI (acpi_id[0x6d] high edge lint[0x1])
Jan 30 15:37:04 cu-cs-vm kernel: [    0.000000] ACPI: LAPIC_NMI (acpi_id[0x6e] high edge lint[0x1])
Jan 30 15:37:04 cu-cs-vm kernel: [    0.000000] ACPI: LAPIC_NMI (acpi_id[0x6f] high edge lint[0x1])
Jan 30 15:37:04 cu-cs-vm kernel: [    0.000000] ACPI: LAPIC_NMI (acpi_id[0x70] high edge lint[0x1])
Jan 30 15:37:04 cu-cs-vm kernel: [    0.000000] ACPI: LAPIC_NMI (acpi_id[0x71] high edge lint[0x1])
Jan 30 15:37:04 cu-cs-vm kernel: [    0.000000] ACPI: LAPIC_NMI (acpi_id[0x72] high edge lint[0x1])
Jan 30 15:37:04 cu-cs-vm kernel: [    0.000000] ACPI: LAPIC_NMI (acpi_id[0x73] high edge lint[0x1])
Jan 30 15:37:04 cu-cs-vm kernel: [    0.000000] ACPI: LAPIC_NMI (acpi_id[0x74] high edge lint[0x1])
Jan 30 15:37:04 cu-cs-vm kernel: [    0.000000] ACPI: LAPIC_NMI (acpi_id[0x75] high edge lint[0x1])
Jan 30 15:37:04 cu-cs-vm kernel: [    0.000000] ACPI: LAPIC_NMI (acpi_id[0x76] high edge lint[0x1])
Jan 30 15:37:04 cu-cs-vm kernel: [    0.000000] ACPI: LAPIC_NMI (acpi_id[0x77] high edge lint[0x1])
Jan 30 15:37:04 cu-cs-vm kernel: [    0.000000] ACPI: LAPIC_NMI (acpi_id[0x78] high edge lint[0x1])
Jan 30 15:37:04 cu-cs-vm kernel: [    0.000000] ACPI: LAPIC_NMI (acpi_id[0x79] high edge lint[0x1])
Jan 30 15:37:04 cu-cs-vm kernel: [    0.000000] ACPI: LAPIC_NMI (acpi_id[0x7a] high edge lint[0x1])
Jan 30 15:37:04 cu-cs-vm kernel: [    0.000000] ACPI: LAPIC_NMI (acpi_id[0x7b] high edge lint[0x1])
Jan 30 15:37:04 cu-cs-vm kernel: [    0.000000] ACPI: LAPIC_NMI (acpi_id[0x7c] high edge lint[0x1])
Jan 30 15:37:04 cu-cs-vm kernel: [    0.000000] ACPI: LAPIC_NMI (acpi_id[0x7d] high edge lint[0x1])
Jan 30 15:37:04 cu-cs-vm kernel: [    0.000000] ACPI: LAPIC_NMI (acpi_id[0x7e] high edge lint[0x1])
Jan 30 15:37:04 cu-cs-vm kernel: [    0.000000] ACPI: LAPIC_NMI (acpi_id[0x7f] high edge lint[0x1])
Jan 30 15:37:04 cu-cs-vm kernel: [    0.000000] IOAPIC[0]: apic_id 3, version 17, address 0xfec00000, GSI 0-23
Jan 30 15:37:04 cu-cs-vm kernel: [    0.000000] ACPI: INT_SRC_OVR (bus 0 bus_irq 0 global_irq 2 high edge)
Jan 30 15:37:04 cu-cs-vm kernel: [    0.000000] ACPI: IRQ0 used by override.
Jan 30 15:37:04 cu-cs-vm kernel: [    0.000000] ACPI: IRQ9 used by override.
Jan 30 15:37:04 cu-cs-vm kernel: [    0.000000] Using ACPI (MADT) for SMP configuration information
Jan 30 15:37:04 cu-cs-vm kernel: [    0.000000] smpboot: Allowing 128 CPUs, 125 hotplug CPUs
Jan 30 15:37:04 cu-cs-vm kernel: [    0.000000] PM: Registered nosave memory: [mem 0x00000000-0x00000fff]
Jan 30 15:37:04 cu-cs-vm kernel: [    0.000000] PM: Registered nosave memory: [mem 0x0009e000-0x0009efff]
Jan 30 15:37:04 cu-cs-vm kernel: [    0.000000] PM: Registered nosave memory: [mem 0x0009f000-0x0009ffff]
Jan 30 15:37:04 cu-cs-vm kernel: [    0.000000] PM: Registered nosave memory: [mem 0x000a0000-0x000dbfff]
Jan 30 15:37:04 cu-cs-vm kernel: [    0.000000] PM: Registered nosave memory: [mem 0x000dc000-0x000fffff]
Jan 30 15:37:04 cu-cs-vm kernel: [    0.000000] PM: Registered nosave memory: [mem 0xbfed0000-0xbfefefff]
Jan 30 15:37:04 cu-cs-vm kernel: [    0.000000] PM: Registered nosave memory: [mem 0xbfeff000-0xbfefffff]
Jan 30 15:37:04 cu-cs-vm kernel: [    0.000000] PM: Registered nosave memory: [mem 0xc0000000-0xefffffff]
Jan 30 15:37:04 cu-cs-vm kernel: [    0.000000] PM: Registered nosave memory: [mem 0xf0000000-0xf7ffffff]
Jan 30 15:37:04 cu-cs-vm kernel: [    0.000000] PM: Registered nosave memory: [mem 0xf8000000-0xfebfffff]
Jan 30 15:37:04 cu-cs-vm kernel: [    0.000000] PM: Registered nosave memory: [mem 0xfec00000-0xfec0ffff]
Jan 30 15:37:04 cu-cs-vm kernel: [    0.000000] PM: Registered nosave memory: [mem 0xfec10000-0xfedfffff]
Jan 30 15:37:04 cu-cs-vm kernel: [    0.000000] PM: Registered nosave memory: [mem 0xfee00000-0xfee00fff]
Jan 30 15:37:04 cu-cs-vm kernel: [    0.000000] PM: Registered nosave memory: [mem 0xfee01000-0xfffdffff]
Jan 30 15:37:04 cu-cs-vm kernel: [    0.000000] PM: Registered nosave memory: [mem 0xfffe0000-0xffffffff]
Jan 30 15:37:04 cu-cs-vm kernel: [    0.000000] e820: [mem 0xc0000000-0xefffffff] available for PCI devices
Jan 30 15:37:04 cu-cs-vm kernel: [    0.000000] Booting paravirtualized kernel on VMware hypervisor
Jan 30 15:37:04 cu-cs-vm kernel: [    0.000000] clocksource: refined-jiffies: mask: 0xffffffff max_cycles: 0xffffffff, max_idle_ns: 7645519600211568 ns
Jan 30 15:37:04 cu-cs-vm kernel: [    0.000000] random: get_random_bytes called from start_kernel+0x99/0x51d with crng_init=0
Jan 30 15:37:04 cu-cs-vm kernel: [    0.000000] setup_percpu: NR_CPUS:8192 nr_cpumask_bits:128 nr_cpu_ids:128 nr_node_ids:1
Jan 30 15:37:04 cu-cs-vm kernel: [    0.000000] percpu: Embedded 46 pages/cpu @        (ptrval) s151552 r8192 d28672 u262144
Jan 30 15:37:04 cu-cs-vm kernel: [    0.000000] pcpu-alloc: s151552 r8192 d28672 u262144 alloc=1*2097152
Jan 30 15:37:04 cu-cs-vm kernel: [    0.000000] pcpu-alloc: [0] 000 001 002 003 004 005 006 007 
Jan 30 15:37:04 cu-cs-vm kernel: [    0.000000] pcpu-alloc: [0] 008 009 010 011 012 013 014 015 
Jan 30 15:37:04 cu-cs-vm kernel: [    0.000000] pcpu-alloc: [0] 016 017 018 019 020 021 022 023 
Jan 30 15:37:04 cu-cs-vm kernel: [    0.000000] pcpu-alloc: [0] 024 025 026 027 028 029 030 031 
Jan 30 15:37:04 cu-cs-vm kernel: [    0.000000] pcpu-alloc: [0] 032 033 034 035 036 037 038 039 
Jan 30 15:37:04 cu-cs-vm kernel: [    0.000000] pcpu-alloc: [0] 040 041 042 043 044 045 046 047 
Jan 30 15:37:04 cu-cs-vm kernel: [    0.000000] pcpu-alloc: [0] 048 049 050 051 052 053 054 055 
Jan 30 15:37:04 cu-cs-vm kernel: [    0.000000] pcpu-alloc: [0] 056 057 058 059 060 061 062 063 
Jan 30 15:37:04 cu-cs-vm kernel: [    0.000000] pcpu-alloc: [0] 064 065 066 067 068 069 070 071 
Jan 30 15:37:04 cu-cs-vm kernel: [    0.000000] pcpu-alloc: [0] 072 073 074 075 076 077 078 079 
Jan 30 15:37:04 cu-cs-vm kernel: [    0.000000] pcpu-alloc: [0] 080 081 082 083 084 085 086 087 
Jan 30 15:37:04 cu-cs-vm kernel: [    0.000000] pcpu-alloc: [0] 088 089 090 091 092 093 094 095 
Jan 30 15:37:04 cu-cs-vm kernel: [    0.000000] pcpu-alloc: [0] 096 097 098 099 100 101 102 103 
Jan 30 15:37:04 cu-cs-vm kernel: [    0.000000] pcpu-alloc: [0] 104 105 106 107 108 109 110 111 
Jan 30 15:37:04 cu-cs-vm kernel: [    0.000000] pcpu-alloc: [0] 112 113 114 115 116 117 118 119 
Jan 30 15:37:04 cu-cs-vm kernel: [    0.000000] pcpu-alloc: [0] 120 121 122 123 124 125 126 127 
Jan 30 15:37:04 cu-cs-vm kernel: [    0.000000] Built 1 zonelists, mobility grouping on.  Total pages: 966504
Jan 30 15:37:04 cu-cs-vm kernel: [    0.000000] Policy zone: Normal
Jan 30 15:37:04 cu-cs-vm kernel: [    0.000000] Kernel command line: BOOT_IMAGE=/boot/vmlinuz-4.15.18revision2 root=UUID=a7adc8c1-e02a-478b-93ad-c06e060e0176 ro
Jan 30 15:37:04 cu-cs-vm kernel: [    0.000000] log_buf_len individual max cpu contribution: 4096 bytes
Jan 30 15:37:04 cu-cs-vm kernel: [    0.000000] log_buf_len total cpu_extra contributions: 520192 bytes
Jan 30 15:37:04 cu-cs-vm kernel: [    0.000000] log_buf_len min size: 262144 bytes
Jan 30 15:37:04 cu-cs-vm kernel: [    0.000000] log_buf_len: 1048576 bytes
Jan 30 15:37:04 cu-cs-vm kernel: [    0.000000] early log buf free: 235704(89%)
Jan 30 15:37:04 cu-cs-vm kernel: [    0.000000] Calgary: detecting Calgary via BIOS EBDA area
Jan 30 15:37:04 cu-cs-vm kernel: [    0.000000] Calgary: Unable to locate Rio Grande table in EBDA - bailing!
Jan 30 15:37:04 cu-cs-vm kernel: [    0.000000] Memory: 3306744K/3927476K available (12300K kernel code, 2470K rwdata, 4204K rodata, 2408K init, 2416K bss, 620732K reserved, 0K cma-reserved)
Jan 30 15:37:04 cu-cs-vm kernel: [    0.000000] SLUB: HWalign=64, Order=0-3, MinObjects=0, CPUs=128, Nodes=1
Jan 30 15:37:04 cu-cs-vm kernel: [    0.000000] Kernel/User page tables isolation: enabled
Jan 30 15:37:04 cu-cs-vm kernel: [    0.000000] ftrace: allocating 39036 entries in 153 pages
Jan 30 15:37:04 cu-cs-vm kernel: [    0.004000] Hierarchical RCU implementation.
Jan 30 15:37:04 cu-cs-vm kernel: [    0.004000] 	RCU restricting CPUs from NR_CPUS=8192 to nr_cpu_ids=128.
Jan 30 15:37:04 cu-cs-vm kernel: [    0.004000] 	Tasks RCU enabled.
Jan 30 15:37:04 cu-cs-vm kernel: [    0.004000] RCU: Adjusting geometry for rcu_fanout_leaf=16, nr_cpu_ids=128
Jan 30 15:37:04 cu-cs-vm kernel: [    0.004000] NR_IRQS: 524544, nr_irqs: 1448, preallocated irqs: 16
Jan 30 15:37:04 cu-cs-vm kernel: [    0.004000] Console: colour VGA+ 80x25
Jan 30 15:37:04 cu-cs-vm kernel: [    0.004000] console [tty0] enabled
Jan 30 15:37:04 cu-cs-vm kernel: [    0.004000] ACPI: Core revision 20170831
Jan 30 15:37:04 cu-cs-vm kernel: [    0.004000] ACPI: 1 ACPI AML tables successfully acquired and loaded
Jan 30 15:37:04 cu-cs-vm kernel: [    0.004011] APIC: Switch to symmetric I/O mode setup
Jan 30 15:37:04 cu-cs-vm kernel: [    0.007232] x2apic enabled
Jan 30 15:37:04 cu-cs-vm kernel: [    0.007903] Switched APIC routing to physical x2apic.
Jan 30 15:37:04 cu-cs-vm kernel: [    0.009404] ..TIMER: vector=0x30 apic1=0 pin1=2 apic2=-1 pin2=-1
Jan 30 15:37:04 cu-cs-vm kernel: [    0.009646] tsc: Detected 2200.307 MHz processor
Jan 30 15:37:04 cu-cs-vm kernel: [    0.009808] Calibrating delay loop (skipped) preset value.. 4400.61 BogoMIPS (lpj=8801228)
Jan 30 15:37:04 cu-cs-vm kernel: [    0.009808] pid_max: default: 131072 minimum: 1024
Jan 30 15:37:04 cu-cs-vm kernel: [    0.009808] Security Framework initialized
Jan 30 15:37:04 cu-cs-vm kernel: [    0.009808] Yama: becoming mindful.
Jan 30 15:37:04 cu-cs-vm kernel: [    0.012151] AppArmor: AppArmor initialized
Jan 30 15:37:04 cu-cs-vm kernel: [    0.014069] Dentry cache hash table entries: 524288 (order: 10, 4194304 bytes)
Jan 30 15:37:04 cu-cs-vm kernel: [    0.018277] Inode-cache hash table entries: 262144 (order: 9, 2097152 bytes)
Jan 30 15:37:04 cu-cs-vm kernel: [    0.018810] Mount-cache hash table entries: 8192 (order: 4, 65536 bytes)
Jan 30 15:37:04 cu-cs-vm kernel: [    0.019225] Mountpoint-cache hash table entries: 8192 (order: 4, 65536 bytes)
Jan 30 15:37:04 cu-cs-vm kernel: [    0.020629] Disabled fast string operations
Jan 30 15:37:04 cu-cs-vm kernel: [    0.020805] ENERGY_PERF_BIAS: Set to 'normal', was 'performance'
Jan 30 15:37:04 cu-cs-vm kernel: [    0.021025] ENERGY_PERF_BIAS: View and update with x86_energy_perf_policy(8)
Jan 30 15:37:04 cu-cs-vm kernel: [    0.021310] mce: CPU supports 0 MCE banks
Jan 30 15:37:04 cu-cs-vm kernel: [    0.021600] Last level iTLB entries: 4KB 64, 2MB 8, 4MB 8
Jan 30 15:37:04 cu-cs-vm kernel: [    0.021875] Last level dTLB entries: 4KB 64, 2MB 0, 4MB 0, 1GB 4
Jan 30 15:37:04 cu-cs-vm kernel: [    0.022155] Spectre V2 : Mitigation: Full generic retpoline
Jan 30 15:37:04 cu-cs-vm kernel: [    0.022377] Spectre V2 : Spectre v2 / SpectreRSB mitigation: Filling RSB on context switch
Jan 30 15:37:04 cu-cs-vm kernel: [    0.022673] Spectre V2 : Spectre v2 mitigation: Enabling Indirect Branch Prediction Barrier
Jan 30 15:37:04 cu-cs-vm kernel: [    0.022961] Spectre V2 : Enabling Restricted Speculation for firmware calls
Jan 30 15:37:04 cu-cs-vm kernel: [    0.023200] Speculative Store Bypass: Vulnerable
Jan 30 15:37:04 cu-cs-vm kernel: [    0.023513] Freeing SMP alternatives memory: 36K
Jan 30 15:37:04 cu-cs-vm kernel: [    0.028219] TSC deadline timer enabled
Jan 30 15:37:04 cu-cs-vm kernel: [    0.028228] smpboot: CPU0: Intel(R) Core(TM) i7-5650U CPU @ 2.20GHz (family: 0x6, model: 0x3d, stepping: 0x4)
Jan 30 15:37:04 cu-cs-vm kernel: [    0.028683] Performance Events: Broadwell events, core PMU driver.
Jan 30 15:37:04 cu-cs-vm kernel: [    0.028933] core: CPUID marked event: 'cpu cycles' unavailable
Jan 30 15:37:04 cu-cs-vm kernel: [    0.029138] core: CPUID marked event: 'instructions' unavailable
Jan 30 15:37:04 cu-cs-vm kernel: [    0.029348] core: CPUID marked event: 'bus cycles' unavailable
Jan 30 15:37:04 cu-cs-vm kernel: [    0.029552] core: CPUID marked event: 'cache references' unavailable
Jan 30 15:37:04 cu-cs-vm kernel: [    0.029772] core: CPUID marked event: 'cache misses' unavailable
Jan 30 15:37:04 cu-cs-vm kernel: [    0.029980] core: CPUID marked event: 'branch instructions' unavailable
Jan 30 15:37:04 cu-cs-vm kernel: [    0.030209] core: CPUID marked event: 'branch misses' unavailable
Jan 30 15:37:04 cu-cs-vm kernel: [    0.030422] ... version:                1
Jan 30 15:37:04 cu-cs-vm kernel: [    0.030602] ... bit width:              48
Jan 30 15:37:04 cu-cs-vm kernel: [    0.030753] ... generic registers:      4
Jan 30 15:37:04 cu-cs-vm kernel: [    0.030900] ... value mask:             0000ffffffffffff
Jan 30 15:37:04 cu-cs-vm kernel: [    0.031148] ... max period:             000000007fffffff
Jan 30 15:37:04 cu-cs-vm kernel: [    0.031361] ... fixed-purpose events:   0
Jan 30 15:37:04 cu-cs-vm kernel: [    0.031564] ... event mask:             000000000000000f
Jan 30 15:37:04 cu-cs-vm kernel: [    0.031860] Hierarchical SRCU implementation.
Jan 30 15:37:04 cu-cs-vm kernel: [    0.032296] NMI watchdog: Perf event create on CPU 0 failed with -2
Jan 30 15:37:04 cu-cs-vm kernel: [    0.032519] NMI watchdog: Perf NMI watchdog permanently disabled
Jan 30 15:37:04 cu-cs-vm kernel: [    0.047234] smp: Bringing up secondary CPUs ...
Jan 30 15:37:04 cu-cs-vm kernel: [    0.048045] x86: Booting SMP configuration:
Jan 30 15:37:04 cu-cs-vm kernel: [    0.048313] .... node  #0, CPUs:          #1
Jan 30 15:37:04 cu-cs-vm kernel: [    0.004000] Disabled fast string operations
Jan 30 15:37:04 cu-cs-vm kernel: [    0.004000] mce: CPU supports 0 MCE banks
Jan 30 15:37:04 cu-cs-vm kernel: [    0.052171]    #2
Jan 30 15:37:04 cu-cs-vm kernel: [    0.004000] Disabled fast string operations
Jan 30 15:37:04 cu-cs-vm kernel: [    0.004000] mce: CPU supports 0 MCE banks
Jan 30 15:37:04 cu-cs-vm kernel: [    0.054378] smp: Brought up 1 node, 3 CPUs
Jan 30 15:37:04 cu-cs-vm kernel: [    0.054378] smpboot: Max logical packages: 43
Jan 30 15:37:04 cu-cs-vm kernel: [    0.054378] smpboot: Total of 3 processors activated (13201.84 BogoMIPS)
Jan 30 15:37:04 cu-cs-vm kernel: [    0.057386] devtmpfs: initialized
Jan 30 15:37:04 cu-cs-vm kernel: [    0.057386] x86/mm: Memory block size: 128MB
Jan 30 15:37:04 cu-cs-vm kernel: [    0.057386] evm: security.selinux
Jan 30 15:37:04 cu-cs-vm kernel: [    0.057386] evm: security.SMACK64
Jan 30 15:37:04 cu-cs-vm kernel: [    0.057386] evm: security.SMACK64EXEC
Jan 30 15:37:04 cu-cs-vm kernel: [    0.057386] evm: security.SMACK64TRANSMUTE
Jan 30 15:37:04 cu-cs-vm kernel: [    0.057386] evm: security.SMACK64MMAP
Jan 30 15:37:04 cu-cs-vm kernel: [    0.057386] evm: security.apparmor
Jan 30 15:37:04 cu-cs-vm kernel: [    0.057386] evm: security.ima
Jan 30 15:37:04 cu-cs-vm kernel: [    0.057386] evm: security.capability
Jan 30 15:37:04 cu-cs-vm systemd[1]: Started CUPS Scheduler.
Jan 30 15:37:04 cu-cs-vm systemd[1]: Started uptime record daemon.
Jan 30 15:37:04 cu-cs-vm kernel: [    0.057427] PM: Registering ACPI NVS region [mem 0xbfeff000-0xbfefffff] (4096 bytes)
Jan 30 15:37:04 cu-cs-vm kernel: [    0.057427] clocksource: jiffies: mask: 0xffffffff max_cycles: 0xffffffff, max_idle_ns: 7645041785100000 ns
Jan 30 15:37:04 cu-cs-vm kernel: [    0.057427] futex hash table entries: 32768 (order: 9, 2097152 bytes)
Jan 30 15:37:04 cu-cs-vm kernel: [    0.066369] pinctrl core: initialized pinctrl subsystem
Jan 30 15:37:04 cu-cs-vm systemd[1]: Starting LSB: Record successful boot for GRUB...
Jan 30 15:37:04 cu-cs-vm kernel: [    0.066927] RTC time: 22:36:43, date: 01/30/19
Jan 30 15:37:04 cu-cs-vm systemd[1]: Starting System Logging Service...
Jan 30 15:37:04 cu-cs-vm kernel: [    0.067512] NET: Registered protocol family 16
Jan 30 15:37:04 cu-cs-vm kernel: [    0.067686] audit: initializing netlink subsys (disabled)
Jan 30 15:37:04 cu-cs-vm kernel: [    0.069366] audit: type=2000 audit(1548887803.068:1): state=initialized audit_enabled=0 res=1
Jan 30 15:37:04 cu-cs-vm kernel: [    0.072046] cpuidle: using governor ladder
Jan 30 15:37:04 cu-cs-vm kernel: [    0.072284] cpuidle: using governor menu
Jan 30 15:37:04 cu-cs-vm kernel: [    0.072284] Simple Boot Flag at 0x36 set to 0x80
Jan 30 15:37:04 cu-cs-vm systemd[1]: Starting Thermal Daemon Service...
Jan 30 15:37:04 cu-cs-vm systemd[1]: Starting LSB: Execute the kexec -e command to reboot system...
Jan 30 15:37:04 cu-cs-vm systemd[1]: Started Authentication service for virtual machines hosted on VMware.
Jan 30 15:37:04 cu-cs-vm systemd[1]: Starting Permit User Sessions...
Jan 30 15:37:04 cu-cs-vm systemd[1]: Started Run anacron jobs.
Jan 30 15:37:04 cu-cs-vm kernel: [    0.072284] ACPI: bus type PCI registered
Jan 30 15:37:04 cu-cs-vm kernel: [    0.072348] acpiphp: ACPI Hot Plug PCI Controller Driver version: 0.5
Jan 30 15:37:04 cu-cs-vm kernel: [    0.074341] PCI: MMCONFIG for domain 0000 [bus 00-7f] at [mem 0xf0000000-0xf7ffffff] (base 0xf0000000)
Jan 30 15:37:04 cu-cs-vm kernel: [    0.074493] PCI: MMCONFIG at [mem 0xf0000000-0xf7ffffff] reserved in E820
Jan 30 15:37:04 cu-cs-vm kernel: [    0.074609] PCI: Using configuration type 1 for base access
Jan 30 15:37:04 cu-cs-vm kernel: [    0.077127] HugeTLB registered 1.00 GiB page size, pre-allocated 0 pages
Jan 30 15:37:04 cu-cs-vm systemd[1]: Starting LSB: automatic crash report generation...
Jan 30 15:37:04 cu-cs-vm systemd[1]: Starting Accounts Service...
Jan 30 15:37:04 cu-cs-vm anacron[774]: Anacron 2.3 started on 2019-01-30
Jan 30 15:37:04 cu-cs-vm anacron[774]: Normal exit (0 jobs run)
Jan 30 15:37:04 cu-cs-vm systemd[1]: Started ACPI event daemon.
Jan 30 15:37:04 cu-cs-vm systemd[1]: Starting LSB: Set the CPU Frequency Scaling governor to "ondemand"...
Jan 30 15:37:04 cu-cs-vm kernel: [    0.077127] HugeTLB registered 2.00 MiB page size, pre-allocated 0 pages
Jan 30 15:37:04 cu-cs-vm kernel: [    0.080293] ACPI: Added _OSI(Module Device)
Jan 30 15:37:04 cu-cs-vm kernel: [    0.080370] ACPI: Added _OSI(Processor Device)
Jan 30 15:37:04 cu-cs-vm kernel: [    0.080440] ACPI: Added _OSI(3.0 _SCP Extensions)
Jan 30 15:37:04 cu-cs-vm kernel: [    0.080497] ACPI: Added _OSI(Processor Aggregator Device)
Jan 30 15:37:04 cu-cs-vm systemd[1]: Started D-Bus System Message Bus.
Jan 30 15:37:04 cu-cs-vm VGAuthService[767]: ** Message: Pref_Init: Using '/etc/vmware-tools/vgauth.conf' as preferences filepath
Jan 30 15:37:04 cu-cs-vm VGAuthService[767]: ** Message: Core dump limit set to -1
Jan 30 15:37:04 cu-cs-vm VGAuthService[767]: ** Message: Cannot load message catalog for domain 'VGAuthService', language 'C', catalog dir '.'.
Jan 30 15:37:04 cu-cs-vm VGAuthService[767]: ** Message: INIT SERVICE
Jan 30 15:37:04 cu-cs-vm kernel: [    0.080561] ACPI: Added _OSI(Linux-Dell-Video)
Jan 30 15:37:04 cu-cs-vm kernel: [    0.080611] ACPI: Added _OSI(Linux-Lenovo-NV-HDMI-Audio)
Jan 30 15:37:04 cu-cs-vm kernel: [    0.092350] ACPI: [Firmware Bug]: BIOS _OSI(Linux) query ignored
Jan 30 15:37:04 cu-cs-vm kernel: [    0.125931] ACPI: Interpreter enabled
Jan 30 15:37:04 cu-cs-vm kernel: [    0.125996] ACPI: (supports S0 S1 S4 S5)
Jan 30 15:37:04 cu-cs-vm kernel: [    0.126041] ACPI: Using IOAPIC for interrupt routing
Jan 30 15:37:04 cu-cs-vm VGAuthService[767]: ** Message: Using '/var/lib/vmware/VGAuth/aliasStore' for alias store root directory
Jan 30 15:37:04 cu-cs-vm kernel: [    0.126127] PCI: Using host bridge windows from ACPI; if necessary, use "pci=nocrs" and report a bug
Jan 30 15:37:04 cu-cs-vm kernel: [    0.128000] ACPI: Enabled 4 GPEs in block 00 to 0F
Jan 30 15:37:04 cu-cs-vm kernel: [    0.455878] ACPI: PCI Root Bridge [PCI0] (domain 0000 [bus 00-7f])
Jan 30 15:37:04 cu-cs-vm kernel: [    0.455954] acpi PNP0A03:00: _OSC: OS supports [ExtendedConfig ASPM ClockPM Segments MSI]
Jan 30 15:37:04 cu-cs-vm kernel: [    0.457398] acpi PNP0A03:00: _OSC: platform does not support [AER]
Jan 30 15:37:04 cu-cs-vm kernel: [    0.457748] acpi PNP0A03:00: _OSC: OS now controls [PCIeHotplug PME PCIeCapability]
Jan 30 15:37:04 cu-cs-vm kernel: [    0.460887] PCI host bridge to bus 0000:00
Jan 30 15:37:04 cu-cs-vm kernel: [    0.460936] pci_bus 0000:00: root bus resource [mem 0x000a0000-0x000bffff window]
Jan 30 15:37:04 cu-cs-vm kernel: [    0.461010] pci_bus 0000:00: root bus resource [mem 0x000cc000-0x000cffff window]
Jan 30 15:37:04 cu-cs-vm kernel: [    0.461083] pci_bus 0000:00: root bus resource [mem 0x000d0000-0x000d3fff window]
Jan 30 15:37:04 cu-cs-vm kernel: [    0.461156] pci_bus 0000:00: root bus resource [mem 0x000d4000-0x000d7fff window]
Jan 30 15:37:04 cu-cs-vm kernel: [    0.461229] pci_bus 0000:00: root bus resource [mem 0x000d8000-0x000dbfff window]
Jan 30 15:37:04 cu-cs-vm kernel: [    0.461302] pci_bus 0000:00: root bus resource [mem 0xc0000000-0xfebfffff window]
Jan 30 15:37:04 cu-cs-vm kernel: [    0.461375] pci_bus 0000:00: root bus resource [io  0x0000-0x0cf7 window]
Jan 30 15:37:04 cu-cs-vm kernel: [    0.461440] pci_bus 0000:00: root bus resource [io  0x0d00-0xfeff window]
Jan 30 15:37:04 cu-cs-vm kernel: [    0.461505] pci_bus 0000:00: root bus resource [bus 00-7f]
Jan 30 15:37:04 cu-cs-vm kernel: [    0.461673] pci 0000:00:00.0: [8086:7190] type 00 class 0x060000
Jan 30 15:37:04 cu-cs-vm kernel: [    0.462850] pci 0000:00:01.0: [8086:7191] type 01 class 0x060400
Jan 30 15:37:04 cu-cs-vm kernel: [    0.463773] pci 0000:00:07.0: [8086:7110] type 00 class 0x060100
Jan 30 15:37:04 cu-cs-vm kernel: [    0.465094] pci 0000:00:07.1: [8086:7111] type 00 class 0x01018a
Jan 30 15:37:04 cu-cs-vm kernel: [    0.468007] pci 0000:00:07.1: reg 0x20: [io  0x1060-0x106f]
Jan 30 15:37:04 cu-cs-vm kernel: [    0.468997] pci 0000:00:07.1: legacy IDE quirk: reg 0x10: [io  0x01f0-0x01f7]
Jan 30 15:37:04 cu-cs-vm kernel: [    0.469071] pci 0000:00:07.1: legacy IDE quirk: reg 0x14: [io  0x03f6]
Jan 30 15:37:04 cu-cs-vm kernel: [    0.469136] pci 0000:00:07.1: legacy IDE quirk: reg 0x18: [io  0x0170-0x0177]
Jan 30 15:37:04 cu-cs-vm kernel: [    0.469206] pci 0000:00:07.1: legacy IDE quirk: reg 0x1c: [io  0x0376]
Jan 30 15:37:04 cu-cs-vm kernel: [    0.469628] pci 0000:00:07.3: [8086:7113] type 00 class 0x068000
Jan 30 15:37:04 cu-cs-vm kernel: [    0.473412] pci 0000:00:07.3: quirk: [io  0x1000-0x103f] claimed by PIIX4 ACPI
Jan 30 15:37:04 cu-cs-vm kernel: [    0.473515] pci 0000:00:07.3: quirk: [io  0x1040-0x104f] claimed by PIIX4 SMB
Jan 30 15:37:04 cu-cs-vm kernel: [    0.474199] pci 0000:00:07.7: [15ad:0740] type 00 class 0x088000
Jan 30 15:37:04 cu-cs-vm kernel: [    0.475569] pci 0000:00:07.7: reg 0x10: [io  0x1080-0x10bf]
Jan 30 15:37:04 cu-cs-vm kernel: [    0.476683] pci 0000:00:07.7: reg 0x14: [mem 0xfebfe000-0xfebfffff 64bit]
Jan 30 15:37:04 cu-cs-vm kernel: [    0.482061] pci 0000:00:0f.0: [15ad:0405] type 00 class 0x030000
Jan 30 15:37:04 cu-cs-vm kernel: [    0.485752] pci 0000:00:0f.0: reg 0x10: [io  0x1070-0x107f]
Jan 30 15:37:04 cu-cs-vm kernel: [    0.489592] pci 0000:00:0f.0: reg 0x14: [mem 0xe8000000-0xefffffff pref]
Jan 30 15:37:04 cu-cs-vm kernel: [    0.493924] pci 0000:00:0f.0: reg 0x18: [mem 0xfe000000-0xfe7fffff]
Jan 30 15:37:04 cu-cs-vm kernel: [    0.509499] pci 0000:00:0f.0: reg 0x30: [mem 0x00000000-0x00007fff pref]
Jan 30 15:37:04 cu-cs-vm kernel: [    0.510355] pci 0000:00:10.0: [1000:0030] type 00 class 0x010000
Jan 30 15:37:04 cu-cs-vm kernel: [    0.512011] pci 0000:00:10.0: reg 0x10: [io  0x1400-0x14ff]
Jan 30 15:37:04 cu-cs-vm kernel: [    0.513788] pci 0000:00:10.0: reg 0x14: [mem 0xfeba0000-0xfebbffff 64bit]
Jan 30 15:37:04 cu-cs-vm kernel: [    0.515658] pci 0000:00:10.0: reg 0x1c: [mem 0xfebc0000-0xfebdffff 64bit]
Jan 30 15:37:04 cu-cs-vm kernel: [    0.518337] pci 0000:00:10.0: reg 0x30: [mem 0x00000000-0x00003fff pref]
Jan 30 15:37:04 cu-cs-vm kernel: [    0.519049] pci 0000:00:11.0: [15ad:0790] type 01 class 0x060401
Jan 30 15:37:04 cu-cs-vm kernel: [    0.520439] pci 0000:00:15.0: [15ad:07a0] type 01 class 0x060400
Jan 30 15:37:04 cu-cs-vm kernel: [    0.523917] pci 0000:00:15.0: PME# supported from D0 D3hot D3cold
Jan 30 15:37:04 cu-cs-vm kernel: [    0.524547] pci 0000:00:15.1: [15ad:07a0] type 01 class 0x060400
Jan 30 15:37:04 cu-cs-vm kernel: [    0.525967] pci 0000:00:15.1: PME# supported from D0 D3hot D3cold
Jan 30 15:37:04 cu-cs-vm kernel: [    0.526490] pci 0000:00:15.2: [15ad:07a0] type 01 class 0x060400
Jan 30 15:37:04 cu-cs-vm kernel: [    0.527920] pci 0000:00:15.2: PME# supported from D0 D3hot D3cold
Jan 30 15:37:04 cu-cs-vm kernel: [    0.528431] pci 0000:00:15.3: [15ad:07a0] type 01 class 0x060400
Jan 30 15:37:04 cu-cs-vm kernel: [    0.529847] pci 0000:00:15.3: PME# supported from D0 D3hot D3cold
Jan 30 15:37:04 cu-cs-vm kernel: [    0.530369] pci 0000:00:15.4: [15ad:07a0] type 01 class 0x060400
Jan 30 15:37:04 cu-cs-vm kernel: [    0.531790] pci 0000:00:15.4: PME# supported from D0 D3hot D3cold
Jan 30 15:37:04 cu-cs-vm kernel: [    0.532321] pci 0000:00:15.5: [15ad:07a0] type 01 class 0x060400
Jan 30 15:37:04 cu-cs-vm kernel: [    0.533711] pci 0000:00:15.5: PME# supported from D0 D3hot D3cold
Jan 30 15:37:04 cu-cs-vm kernel: [    0.534252] pci 0000:00:15.6: [15ad:07a0] type 01 class 0x060400
Jan 30 15:37:04 cu-cs-vm kernel: [    0.535640] pci 0000:00:15.6: PME# supported from D0 D3hot D3cold
Jan 30 15:37:04 cu-cs-vm kernel: [    0.536220] pci 0000:00:15.7: [15ad:07a0] type 01 class 0x060400
Jan 30 15:37:04 cu-cs-vm kernel: [    0.537614] pci 0000:00:15.7: PME# supported from D0 D3hot D3cold
Jan 30 15:37:04 cu-cs-vm kernel: [    0.538132] pci 0000:00:16.0: [15ad:07a0] type 01 class 0x060400
Jan 30 15:37:04 cu-cs-vm kernel: [    0.539584] pci 0000:00:16.0: PME# supported from D0 D3hot D3cold
Jan 30 15:37:04 cu-cs-vm kernel: [    0.540098] pci 0000:00:16.1: [15ad:07a0] type 01 class 0x060400
Jan 30 15:37:04 cu-cs-vm kernel: [    0.541519] pci 0000:00:16.1: PME# supported from D0 D3hot D3cold
Jan 30 15:37:04 cu-cs-vm kernel: [    0.542033] pci 0000:00:16.2: [15ad:07a0] type 01 class 0x060400
Jan 30 15:37:04 cu-cs-vm kernel: [    0.543458] pci 0000:00:16.2: PME# supported from D0 D3hot D3cold
Jan 30 15:37:04 cu-cs-vm kernel: [    0.543975] pci 0000:00:16.3: [15ad:07a0] type 01 class 0x060400
Jan 30 15:37:04 cu-cs-vm kernel: [    0.545382] pci 0000:00:16.3: PME# supported from D0 D3hot D3cold
Jan 30 15:37:04 cu-cs-vm kernel: [    0.545904] pci 0000:00:16.4: [15ad:07a0] type 01 class 0x060400
Jan 30 15:37:04 cu-cs-vm kernel: [    0.547284] pci 0000:00:16.4: PME# supported from D0 D3hot D3cold
Jan 30 15:37:04 cu-cs-vm kernel: [    0.547823] pci 0000:00:16.5: [15ad:07a0] type 01 class 0x060400
Jan 30 15:37:04 cu-cs-vm kernel: [    0.549210] pci 0000:00:16.5: PME# supported from D0 D3hot D3cold
Jan 30 15:37:04 cu-cs-vm kernel: [    0.549749] pci 0000:00:16.6: [15ad:07a0] type 01 class 0x060400
